Archive member included to satisfy reference by file (symbol)

d:/software/stm32cubeide/stm32cubeide_1.5.1/stm32cubeide/plugins/com.st.stm32cube.ide.mcu.externaltools.gnu-tools-for-stm32.7-2018-q2-update.win32_1.5.0.202011040924/tools/bin/../lib/gcc/arm-none-eabi/7.3.1/../../../../arm-none-eabi/lib/thumb/v6-m\libc_nano.a(lib_a-errno.o)
                              Core/Src/syscalls.o (__errno)
d:/software/stm32cubeide/stm32cubeide_1.5.1/stm32cubeide/plugins/com.st.stm32cube.ide.mcu.externaltools.gnu-tools-for-stm32.7-2018-q2-update.win32_1.5.0.202011040924/tools/bin/../lib/gcc/arm-none-eabi/7.3.1/../../../../arm-none-eabi/lib/thumb/v6-m\libc_nano.a(lib_a-exit.o)
                              d:/software/stm32cubeide/stm32cubeide_1.5.1/stm32cubeide/plugins/com.st.stm32cube.ide.mcu.externaltools.gnu-tools-for-stm32.7-2018-q2-update.win32_1.5.0.202011040924/tools/bin/../lib/gcc/arm-none-eabi/7.3.1/../../../../arm-none-eabi/lib/thumb/v6-m/crt0.o (exit)
d:/software/stm32cubeide/stm32cubeide_1.5.1/stm32cubeide/plugins/com.st.stm32cube.ide.mcu.externaltools.gnu-tools-for-stm32.7-2018-q2-update.win32_1.5.0.202011040924/tools/bin/../lib/gcc/arm-none-eabi/7.3.1/../../../../arm-none-eabi/lib/thumb/v6-m\libc_nano.a(lib_a-impure.o)
                              d:/software/stm32cubeide/stm32cubeide_1.5.1/stm32cubeide/plugins/com.st.stm32cube.ide.mcu.externaltools.gnu-tools-for-stm32.7-2018-q2-update.win32_1.5.0.202011040924/tools/bin/../lib/gcc/arm-none-eabi/7.3.1/../../../../arm-none-eabi/lib/thumb/v6-m\libc_nano.a(lib_a-exit.o) (_global_impure_ptr)
d:/software/stm32cubeide/stm32cubeide_1.5.1/stm32cubeide/plugins/com.st.stm32cube.ide.mcu.externaltools.gnu-tools-for-stm32.7-2018-q2-update.win32_1.5.0.202011040924/tools/bin/../lib/gcc/arm-none-eabi/7.3.1/../../../../arm-none-eabi/lib/thumb/v6-m\libc_nano.a(lib_a-init.o)
                              d:/software/stm32cubeide/stm32cubeide_1.5.1/stm32cubeide/plugins/com.st.stm32cube.ide.mcu.externaltools.gnu-tools-for-stm32.7-2018-q2-update.win32_1.5.0.202011040924/tools/bin/../lib/gcc/arm-none-eabi/7.3.1/../../../../arm-none-eabi/lib/thumb/v6-m/crt0.o (__libc_init_array)
d:/software/stm32cubeide/stm32cubeide_1.5.1/stm32cubeide/plugins/com.st.stm32cube.ide.mcu.externaltools.gnu-tools-for-stm32.7-2018-q2-update.win32_1.5.0.202011040924/tools/bin/../lib/gcc/arm-none-eabi/7.3.1/../../../../arm-none-eabi/lib/thumb/v6-m\libc_nano.a(lib_a-memcpy-stub.o)
                              Drivers/STM32F0xx_HAL_Driver/Src/stm32f0xx_hal_rcc.o (memcpy)
d:/software/stm32cubeide/stm32cubeide_1.5.1/stm32cubeide/plugins/com.st.stm32cube.ide.mcu.externaltools.gnu-tools-for-stm32.7-2018-q2-update.win32_1.5.0.202011040924/tools/bin/../lib/gcc/arm-none-eabi/7.3.1/../../../../arm-none-eabi/lib/thumb/v6-m\libc_nano.a(lib_a-memset.o)
                              d:/software/stm32cubeide/stm32cubeide_1.5.1/stm32cubeide/plugins/com.st.stm32cube.ide.mcu.externaltools.gnu-tools-for-stm32.7-2018-q2-update.win32_1.5.0.202011040924/tools/bin/../lib/gcc/arm-none-eabi/7.3.1/../../../../arm-none-eabi/lib/thumb/v6-m/crt0.o (memset)
d:/software/stm32cubeide/stm32cubeide_1.5.1/stm32cubeide/plugins/com.st.stm32cube.ide.mcu.externaltools.gnu-tools-for-stm32.7-2018-q2-update.win32_1.5.0.202011040924/tools/bin/../lib/gcc/arm-none-eabi/7.3.1/thumb/v6-m\libgcc.a(_thumb1_case_sqi.o)
                              Drivers/STM32F0xx_HAL_Driver/Src/stm32f0xx_hal_uart.o (__gnu_thumb1_case_sqi)
d:/software/stm32cubeide/stm32cubeide_1.5.1/stm32cubeide/plugins/com.st.stm32cube.ide.mcu.externaltools.gnu-tools-for-stm32.7-2018-q2-update.win32_1.5.0.202011040924/tools/bin/../lib/gcc/arm-none-eabi/7.3.1/thumb/v6-m\libgcc.a(_thumb1_case_uqi.o)
                              Drivers/STM32F0xx_HAL_Driver/Src/stm32f0xx_hal_dma.o (__gnu_thumb1_case_uqi)
d:/software/stm32cubeide/stm32cubeide_1.5.1/stm32cubeide/plugins/com.st.stm32cube.ide.mcu.externaltools.gnu-tools-for-stm32.7-2018-q2-update.win32_1.5.0.202011040924/tools/bin/../lib/gcc/arm-none-eabi/7.3.1/thumb/v6-m\libgcc.a(_udivsi3.o)
                              Core/Src/system_stm32f0xx.o (__aeabi_uidiv)
d:/software/stm32cubeide/stm32cubeide_1.5.1/stm32cubeide/plugins/com.st.stm32cube.ide.mcu.externaltools.gnu-tools-for-stm32.7-2018-q2-update.win32_1.5.0.202011040924/tools/bin/../lib/gcc/arm-none-eabi/7.3.1/thumb/v6-m\libgcc.a(_divsi3.o)
                              Drivers/STM32F0xx_HAL_Driver/Src/stm32f0xx_hal.o (__aeabi_idiv)
d:/software/stm32cubeide/stm32cubeide_1.5.1/stm32cubeide/plugins/com.st.stm32cube.ide.mcu.externaltools.gnu-tools-for-stm32.7-2018-q2-update.win32_1.5.0.202011040924/tools/bin/../lib/gcc/arm-none-eabi/7.3.1/thumb/v6-m\libgcc.a(_dvmd_tls.o)
                              d:/software/stm32cubeide/stm32cubeide_1.5.1/stm32cubeide/plugins/com.st.stm32cube.ide.mcu.externaltools.gnu-tools-for-stm32.7-2018-q2-update.win32_1.5.0.202011040924/tools/bin/../lib/gcc/arm-none-eabi/7.3.1/thumb/v6-m\libgcc.a(_udivsi3.o) (__aeabi_idiv0)
[...]
Memory Configuration

Name             Origin             Length             Attributes
RAM              0x0000000020000000 0x0000000000001000 xrw
FLASH            0x0000000008000000 0x0000000000008000 xr
*default*        0x0000000000000000 0xffffffffffffffff

Linker script and memory map

LOAD d:/software/stm32cubeide/stm32cubeide_1.5.1/stm32cubeide/plugins/com.st.stm32cube.ide.mcu.externaltools.gnu-tools-for-stm32.7-2018-q2-update.win32_1.5.0.202011040924/tools/bin/../lib/gcc/arm-none-eabi/7.3.1/thumb/v6-m/crti.o
LOAD d:/software/stm32cubeide/stm32cubeide_1.5.1/stm32cubeide/plugins/com.st.stm32cube.ide.mcu.externaltools.gnu-tools-for-stm32.7-2018-q2-update.win32_1.5.0.202011040924/tools/bin/../lib/gcc/arm-none-eabi/7.3.1/thumb/v6-m/crtbegin.o
LOAD d:/software/stm32cubeide/stm32cubeide_1.5.1/stm32cubeide/plugins/com.st.stm32cube.ide.mcu.externaltools.gnu-tools-for-stm32.7-2018-q2-update.win32_1.5.0.202011040924/tools/bin/../lib/gcc/arm-none-eabi/7.3.1/../../../../arm-none-eabi/lib/thumb/v6-m/crt0.o
LOAD Core/Src/adc.o
LOAD Core/Src/dma.o
LOAD Core/Src/gpio.o
LOAD Core/Src/i2c.o
LOAD Core/Src/iwdg.o
LOAD Core/Src/main.o
LOAD Core/Src/rtc.o
LOAD Core/Src/stm32f0xx_hal_msp.o
LOAD Core/Src/stm32f0xx_it.o
LOAD Core/Src/syscalls.o
LOAD Core/Src/sysmem.o
LOAD Core/Src/system_stm32f0xx.o
LOAD Core/Src/tim.o
LOAD Core/Src/usart.o
LOAD Core/Startup/startup_stm32f030k6tx.o
LOAD Core/User_Lib/Src/Hard.o
LOAD Core/User_Lib/Src/mcu_api.o
LOAD Core/User_Lib/Src/oled.o
LOAD Core/User_Lib/Src/protocol.o
LOAD Core/User_Lib/Src/system.o
LOAD Drivers/STM32F0xx_HAL_Driver/Src/stm32f0xx_hal.o
LOAD Drivers/STM32F0xx_HAL_Driver/Src/stm32f0xx_hal_adc.o
LOAD Drivers/STM32F0xx_HAL_Driver/Src/stm32f0xx_hal_adc_ex.o
LOAD Drivers/STM32F0xx_HAL_Driver/Src/stm32f0xx_hal_cortex.o
LOAD Drivers/STM32F0xx_HAL_Driver/Src/stm32f0xx_hal_dma.o
LOAD Drivers/STM32F0xx_HAL_Driver/Src/stm32f0xx_hal_exti.o
LOAD Drivers/STM32F0xx_HAL_Driver/Src/stm32f0xx_hal_flash.o
LOAD Drivers/STM32F0xx_HAL_Driver/Src/stm32f0xx_hal_flash_ex.o
LOAD Drivers/STM32F0xx_HAL_Driver/Src/stm32f0xx_hal_gpio.o
LOAD Drivers/STM32F0xx_HAL_Driver/Src/stm32f0xx_hal_i2c.o
LOAD Drivers/STM32F0xx_HAL_Driver/Src/stm32f0xx_hal_i2c_ex.o
LOAD Drivers/STM32F0xx_HAL_Driver/Src/stm32f0xx_hal_iwdg.o
LOAD Drivers/STM32F0xx_HAL_Driver/Src/stm32f0xx_hal_pwr.o
LOAD Drivers/STM32F0xx_HAL_Driver/Src/stm32f0xx_hal_pwr_ex.o
LOAD Drivers/STM32F0xx_HAL_Driver/Src/stm32f0xx_hal_rcc.o
LOAD Drivers/STM32F0xx_HAL_Driver/Src/stm32f0xx_hal_rcc_ex.o
LOAD Drivers/STM32F0xx_HAL_Driver/Src/stm32f0xx_hal_rtc.o
LOAD Drivers/STM32F0xx_HAL_Driver/Src/stm32f0xx_hal_rtc_ex.o
LOAD Drivers/STM32F0xx_HAL_Driver/Src/stm32f0xx_hal_tim.o
LOAD Drivers/STM32F0xx_HAL_Driver/Src/stm32f0xx_hal_tim_ex.o
LOAD Drivers/STM32F0xx_HAL_Driver/Src/stm32f0xx_hal_uart.o
LOAD Drivers/STM32F0xx_HAL_Driver/Src/stm32f0xx_hal_uart_ex.o
LOAD Drivers/STM32F0xx_HAL_Driver/Src/stm32f0xx_ll_dma.o
LOAD Drivers/STM32F0xx_HAL_Driver/Src/stm32f0xx_ll_exti.o
LOAD Drivers/STM32F0xx_HAL_Driver/Src/stm32f0xx_ll_gpio.o
LOAD Drivers/STM32F0xx_HAL_Driver/Src/stm32f0xx_ll_rcc.o
LOAD Drivers/STM32F0xx_HAL_Driver/Src/stm32f0xx_ll_tim.o
LOAD Drivers/STM32F0xx_HAL_Driver/Src/stm32f0xx_ll_utils.o
START GROUP
LOAD d:/software/stm32cubeide/stm32cubeide_1.5.1/stm32cubeide/plugins/com.st.stm32cube.ide.mcu.externaltools.gnu-tools-for-stm32.7-2018-q2-update.win32_1.5.0.202011040924/tools/bin/../lib/gcc/arm-none-eabi/7.3.1/../../../../arm-none-eabi/lib/thumb/v6-m\libc_nano.a
LOAD d:/software/stm32cubeide/stm32cubeide_1.5.1/stm32cubeide/plugins/com.st.stm32cube.ide.mcu.externaltools.gnu-tools-for-stm32.7-2018-q2-update.win32_1.5.0.202011040924/tools/bin/../lib/gcc/arm-none-eabi/7.3.1/../../../../arm-none-eabi/lib/thumb/v6-m\libm.a
END GROUP
START GROUP
LOAD d:/software/stm32cubeide/stm32cubeide_1.5.1/stm32cubeide/plugins/com.st.stm32cube.ide.mcu.externaltools.gnu-tools-for-stm32.7-2018-q2-update.win32_1.5.0.202011040924/tools/bin/../lib/gcc/arm-none-eabi/7.3.1/thumb/v6-m\libgcc.a
LOAD d:/software/stm32cubeide/stm32cubeide_1.5.1/stm32cubeide/plugins/com.st.stm32cube.ide.mcu.externaltools.gnu-tools-for-stm32.7-2018-q2-update.win32_1.5.0.202011040924/tools/bin/../lib/gcc/arm-none-eabi/7.3.1/../../../../arm-none-eabi/lib/thumb/v6-m\libc_nano.a
END GROUP
START GROUP
LOAD d:/software/stm32cubeide/stm32cubeide_1.5.1/stm32cubeide/plugins/com.st.stm32cube.ide.mcu.externaltools.gnu-tools-for-stm32.7-2018-q2-update.win32_1.5.0.202011040924/tools/bin/../lib/gcc/arm-none-eabi/7.3.1/thumb/v6-m\libgcc.a
LOAD d:/software/stm32cubeide/stm32cubeide_1.5.1/stm32cubeide/plugins/com.st.stm32cube.ide.mcu.externaltools.gnu-tools-for-stm32.7-2018-q2-update.win32_1.5.0.202011040924/tools/bin/../lib/gcc/arm-none-eabi/7.3.1/../../../../arm-none-eabi/lib/thumb/v6-m\libc_nano.a
LOAD d:/software/stm32cubeide/stm32cubeide_1.5.1/stm32cubeide/plugins/com.st.stm32cube.ide.mcu.externaltools.gnu-tools-for-stm32.7-2018-q2-update.win32_1.5.0.202011040924/tools/bin/../lib/gcc/arm-none-eabi/7.3.1/../../../../arm-none-eabi/lib/thumb/v6-m\libnosys.a
END GROUP
START GROUP
LOAD d:/software/stm32cubeide/stm32cubeide_1.5.1/stm32cubeide/plugins/com.st.stm32cube.ide.mcu.externaltools.gnu-tools-for-stm32.7-2018-q2-update.win32_1.5.0.202011040924/tools/bin/../lib/gcc/arm-none-eabi/7.3.1/thumb/v6-m\libgcc.a
LOAD d:/software/stm32cubeide/stm32cubeide_1.5.1/stm32cubeide/plugins/com.st.stm32cube.ide.mcu.externaltools.gnu-tools-for-stm32.7-2018-q2-update.win32_1.5.0.202011040924/tools/bin/../lib/gcc/arm-none-eabi/7.3.1/../../../../arm-none-eabi/lib/thumb/v6-m\libc_nano.a
LOAD d:/software/stm32cubeide/stm32cubeide_1.5.1/stm32cubeide/plugins/com.st.stm32cube.ide.mcu.externaltools.gnu-tools-for-stm32.7-2018-q2-update.win32_1.5.0.202011040924/tools/bin/../lib/gcc/arm-none-eabi/7.3.1/../../../../arm-none-eabi/lib/thumb/v6-m\libnosys.a
END GROUP
LOAD d:/software/stm32cubeide/stm32cubeide_1.5.1/stm32cubeide/plugins/com.st.stm32cube.ide.mcu.externaltools.gnu-tools-for-stm32.7-2018-q2-update.win32_1.5.0.202011040924/tools/bin/../lib/gcc/arm-none-eabi/7.3.1/thumb/v6-m/crtend.o
LOAD d:/software/stm32cubeide/stm32cubeide_1.5.1/stm32cubeide/plugins/com.st.stm32cube.ide.mcu.externaltools.gnu-tools-for-stm32.7-2018-q2-update.win32_1.5.0.202011040924/tools/bin/../lib/gcc/arm-none-eabi/7.3.1/thumb/v6-m/crtn.o
                0x0000000020001000                _estack = (ORIGIN (RAM) + LENGTH (RAM))
                0x0000000000000200                _Min_Heap_Size = 0x200
                0x0000000000000400                _Min_Stack_Size = 0x400

.isr_vector     0x0000000008000000       0xc0
                0x0000000008000000                . = ALIGN (0x4)
 *(.isr_vector)
 .isr_vector    0x0000000008000000       0xc0 Core/Startup/startup_stm32f030k6tx.o
                0x0000000008000000                g_pfnVectors
                0x00000000080000c0                . = ALIGN (0x4)

.text           0x00000000080000c0     0x58c4
                0x00000000080000c0                . = ALIGN (0x4)
 *(.text)
 .text          0x00000000080000c0       0x48 d:/software/stm32cubeide/stm32cubeide_1.5.1/stm32cubeide/plugins/com.st.stm32cube.ide.mcu.externaltools.gnu-tools-for-stm32.7-2018-q2-update.win32_1.5.0.202011040924/tools/bin/../lib/gcc/arm-none-eabi/7.3.1/thumb/v6-m/crtbegin.o
 .text          0x0000000008000108       0x14 d:/software/stm32cubeide/stm32cubeide_1.5.1/stm32cubeide/plugins/com.st.stm32cube.ide.mcu.externaltools.gnu-tools-for-stm32.7-2018-q2-update.win32_1.5.0.202011040924/tools/bin/../lib/gcc/arm-none-eabi/7.3.1/thumb/v6-m\libgcc.a(_thumb1_case_sqi.o)
                0x0000000008000108                __gnu_thumb1_case_sqi
 .text          0x000000000800011c       0x14 d:/software/stm32cubeide/stm32cubeide_1.5.1/stm32cubeide/plugins/com.st.stm32cube.ide.mcu.externaltools.gnu-tools-for-stm32.7-2018-q2-update.win32_1.5.0.202011040924/tools/bin/../lib/gcc/arm-none-eabi/7.3.1/thumb/v6-m\libgcc.a(_thumb1_case_uqi.o)
                0x000000000800011c                __gnu_thumb1_case_uqi
 .text          0x0000000008000130      0x114 d:/software/stm32cubeide/stm32cubeide_1.5.1/stm32cubeide/plugins/com.st.stm32cube.ide.mcu.externaltools.gnu-tools-for-stm32.7-2018-q2-update.win32_1.5.0.202011040924/tools/bin/../lib/gcc/arm-none-eabi/7.3.1/thumb/v6-m\libgcc.a(_udivsi3.o)
                0x0000000008000130                __aeabi_uidiv
                0x0000000008000130                __udivsi3
                0x000000000800023c                __aeabi_uidivmod
 .text          0x0000000008000244      0x1d4 d:/software/stm32cubeide/stm32cubeide_1.5.1/stm32cubeide/plugins/com.st.stm32cube.ide.mcu.externaltools.gnu-tools-for-stm32.7-2018-q2-update.win32_1.5.0.202011040924/tools/bin/../lib/gcc/arm-none-eabi/7.3.1/thumb/v6-m\libgcc.a(_divsi3.o)
                0x0000000008000244                __divsi3
                0x0000000008000244                __aeabi_idiv
                0x0000000008000410                __aeabi_idivmod
 .text          0x0000000008000418        0x4 d:/software/stm32cubeide/stm32cubeide_1.5.1/stm32cubeide/plugins/com.st.stm32cube.ide.mcu.externaltools.gnu-tools-for-stm32.7-2018-q2-update.win32_1.5.0.202011040924/tools/bin/../lib/gcc/arm-none-eabi/7.3.1/thumb/v6-m\libgcc.a(_dvmd_tls.o)
                0x0000000008000418                __aeabi_idiv0
                0x0000000008000418                __aeabi_ldiv0
 .text          0x000000000800041c       0x30 d:/software/stm32cubeide/stm32cubeide_1.5.1/stm32cubeide/plugins/com.st.stm32cube.ide.mcu.externaltools.gnu-tools-for-stm32.7-2018-q2-update.win32_1.5.0.202011040924/tools/bin/../lib/gcc/arm-none-eabi/7.3.1/thumb/v6-m\libgcc.a(_fixunssfsi.o)
                0x000000000800041c                __fixunssfsi
                0x000000000800041c                __aeabi_f2uiz
 .text          0x000000000800044c       0x3c d:/software/stm32cubeide/stm32cubeide_1.5.1/stm32cubeide/plugins/com.st.stm32cube.ide.mcu.externaltools.gnu-tools-for-stm32.7-2018-q2-update.win32_1.5.0.202011040924/tools/bin/../lib/gcc/arm-none-eabi/7.3.1/thumb/v6-m\libgcc.a(_fixunsdfsi.o)
                0x000000000800044c                __aeabi_d2uiz
                0x000000000800044c                __fixunsdfsi
 .text          0x0000000008000488      0x224 d:/software/stm32cubeide/stm32cubeide_1.5.1/stm32cubeide/plugins/com.st.stm32cube.ide.mcu.externaltools.gnu-tools-for-stm32.7-2018-q2-update.win32_1.5.0.202011040924/tools/bin/../lib/gcc/arm-none-eabi/7.3.1/thumb/v6-m\libgcc.a(divsf3.o)
                0x0000000008000488                __aeabi_fdiv
 .text          0x00000000080006ac      0x264 d:/software/stm32cubeide/stm32cubeide_1.5.1/stm32cubeide/plugins/com.st.stm32cube.ide.mcu.externaltools.gnu-tools-for-stm32.7-2018-q2-update.win32_1.5.0.202011040924/tools/bin/../lib/gcc/arm-none-eabi/7.3.1/thumb/v6-m\libgcc.a(mulsf3.o)
                0x00000000080006ac                __aeabi_fmul
 .text          0x0000000008000910      0x388 d:/software/stm32cubeide/stm32cubeide_1.5.1/stm32cubeide/plugins/com.st.stm32cube.ide.mcu.externaltools.gnu-tools-for-stm32.7-2018-q2-update.win32_1.5.0.202011040924/tools/bin/../lib/gcc/arm-none-eabi/7.3.1/thumb/v6-m\libgcc.a(subsf3.o)
                0x0000000008000910                __aeabi_fsub
 .text          0x0000000008000c98       0x40 d:/software/stm32cubeide/stm32cubeide_1.5.1/stm32cubeide/plugins/com.st.stm32cube.ide.mcu.externaltools.gnu-tools-for-stm32.7-2018-q2-update.win32_1.5.0.202011040924/tools/bin/../lib/gcc/arm-none-eabi/7.3.1/thumb/v6-m\libgcc.a(fixsfsi.o)
                0x0000000008000c98                __aeabi_f2iz
 .text          0x0000000008000cd8       0x80 d:/software/stm32cubeide/stm32cubeide_1.5.1/stm32cubeide/plugins/com.st.stm32cube.ide.mcu.externaltools.gnu-tools-for-stm32.7-2018-q2-update.win32_1.5.0.202011040924/tools/bin/../lib/gcc/arm-none-eabi/7.3.1/thumb/v6-m\libgcc.a(floatunsisf.o)
                0x0000000008000cd8                __aeabi_ui2f
 .text          0x0000000008000d58      0x604 d:/software/stm32cubeide/stm32cubeide_1.5.1/stm32cubeide/plugins/com.st.stm32cube.ide.mcu.externaltools.gnu-tools-for-stm32.7-2018-q2-update.win32_1.5.0.202011040924/tools/bin/../lib/gcc/arm-none-eabi/7.3.1/thumb/v6-m\libgcc.a(divdf3.o)
                0x0000000008000d58                __aeabi_ddiv
 .text          0x000000000800135c      0x4e4 d:/software/stm32cubeide/stm32cubeide_1.5.1/stm32cubeide/plugins/com.st.stm32cube.ide.mcu.externaltools.gnu-tools-for-stm32.7-2018-q2-update.win32_1.5.0.202011040924/tools/bin/../lib/gcc/arm-none-eabi/7.3.1/thumb/v6-m\libgcc.a(muldf3.o)
                0x000000000800135c                __aeabi_dmul
 .text          0x0000000008001840      0x690 d:/software/stm32cubeide/stm32cubeide_1.5.1/stm32cubeide/plugins/com.st.stm32cube.ide.mcu.externaltools.gnu-tools-for-stm32.7-2018-q2-update.win32_1.5.0.202011040924/tools/bin/../lib/gcc/arm-none-eabi/7.3.1/thumb/v6-m\libgcc.a(subdf3.o)
                0x0000000008001840                __aeabi_dsub
 .text          0x0000000008001ed0       0x6c d:/software/stm32cubeide/stm32cubeide_1.5.1/stm32cubeide/plugins/com.st.stm32cube.ide.mcu.externaltools.gnu-tools-for-stm32.7-2018-q2-update.win32_1.5.0.202011040924/tools/bin/../lib/gcc/arm-none-eabi/7.3.1/thumb/v6-m\libgcc.a(fixdfsi.o)
                0x0000000008001ed0                __aeabi_d2iz
 .text          0x0000000008001f3c       0x74 d:/software/stm32cubeide/stm32cubeide_1.5.1/stm32cubeide/plugins/com.st.stm32cube.ide.mcu.externaltools.gnu-tools-for-stm32.7-2018-q2-update.win32_1.5.0.202011040924/tools/bin/../lib/gcc/arm-none-eabi/7.3.1/thumb/v6-m\libgcc.a(floatsidf.o)
                0x0000000008001f3c                __aeabi_i2d
 .text          0x0000000008001fb0       0x7c d:/software/stm32cubeide/stm32cubeide_1.5.1/stm32cubeide/plugins/com.st.stm32cube.ide.mcu.externaltools.gnu-tools-for-stm32.7-2018-q2-update.win32_1.5.0.202011040924/tools/bin/../lib/gcc/arm-none-eabi/7.3.1/thumb/v6-m\libgcc.a(_arm_cmpdf2.o)
                0x0000000008001fb0                __aeabi_cdrcmple
                0x0000000008001fc0                __aeabi_cdcmple
                0x0000000008001fc0                __aeabi_cdcmpeq
                0x0000000008001fd0                __aeabi_dcmpeq
                0x0000000008001fdc                __aeabi_dcmplt
                0x0000000008001ff0                __aeabi_dcmple
                0x0000000008002004                __aeabi_dcmpgt
                0x0000000008002018                __aeabi_dcmpge
 .text          0x000000000800202c       0x74 d:/software/stm32cubeide/stm32cubeide_1.5.1/stm32cubeide/plugins/com.st.stm32cube.ide.mcu.externaltools.gnu-tools-for-stm32.7-2018-q2-update.win32_1.5.0.202011040924/tools/bin/../lib/gcc/arm-none-eabi/7.3.1/thumb/v6-m\libgcc.a(_arm_cmpsf2.o)
                0x000000000800202c                __aeabi_cfrcmple
                0x0000000008002034                __aeabi_cfcmpeq
                0x0000000008002034                __aeabi_cfcmple
                0x0000000008002044                __aeabi_fcmpeq
                0x0000000008002050                __aeabi_fcmplt
                0x0000000008002064                __aeabi_fcmple
                0x0000000008002078                __aeabi_fcmpgt
                0x000000000800208c                __aeabi_fcmpge
 .text          0x00000000080020a0       0x3c d:/software/stm32cubeide/stm32cubeide_1.5.1/stm32cubeide/plugins/com.st.stm32cube.ide.mcu.externaltools.gnu-tools-for-stm32.7-2018-q2-update.win32_1.5.0.202011040924/tools/bin/../lib/gcc/arm-none-eabi/7.3.1/thumb/v6-m\libgcc.a(_clzsi2.o)
                0x00000000080020a0                __clzsi2
 .text          0x00000000080020dc       0x50 d:/software/stm32cubeide/stm32cubeide_1.5.1/stm32cubeide/plugins/com.st.stm32cube.ide.mcu.externaltools.gnu-tools-for-stm32.7-2018-q2-update.win32_1.5.0.202011040924/tools/bin/../lib/gcc/arm-none-eabi/7.3.1/thumb/v6-m\libgcc.a(eqsf2.o)
                0x00000000080020dc                __eqsf2
                0x00000000080020dc                __nesf2
 .text          0x000000000800212c       0x9c d:/software/stm32cubeide/stm32cubeide_1.5.1/stm32cubeide/plugins/com.st.stm32cube.ide.mcu.externaltools.gnu-tools-for-stm32.7-2018-q2-update.win32_1.5.0.202011040924/tools/bin/../lib/gcc/arm-none-eabi/7.3.1/thumb/v6-m\libgcc.a(gesf2.o)
                0x000000000800212c                __gesf2
                0x000000000800212c                __gtsf2
 .text          0x00000000080021c8       0xa0 d:/software/stm32cubeide/stm32cubeide_1.5.1/stm32cubeide/plugins/com.st.stm32cube.ide.mcu.externaltools.gnu-tools-for-stm32.7-2018-q2-update.win32_1.5.0.202011040924/tools/bin/../lib/gcc/arm-none-eabi/7.3.1/thumb/v6-m\libgcc.a(lesf2.o)
                0x00000000080021c8                __ltsf2
                0x00000000080021c8                __lesf2
 .text          0x0000000008002268       0x78 d:/software/stm32cubeide/stm32cubeide_1.5.1/stm32cubeide/plugins/com.st.stm32cube.ide.mcu.externaltools.gnu-tools-for-stm32.7-2018-q2-update.win32_1.5.0.202011040924/tools/bin/../lib/gcc/arm-none-eabi/7.3.1/thumb/v6-m\libgcc.a(eqdf2.o)
                0x0000000008002268                __nedf2
                0x0000000008002268                __eqdf2
 .text          0x00000000080022e0       0xc8 d:/software/stm32cubeide/stm32cubeide_1.5.1/stm32cubeide/plugins/com.st.stm32cube.ide.mcu.externaltools.gnu-tools-for-stm32.7-2018-q2-update.win32_1.5.0.202011040924/tools/bin/../lib/gcc/arm-none-eabi/7.3.1/thumb/v6-m\libgcc.a(gedf2.o)
                0x00000000080022e0                __gedf2
                0x00000000080022e0                __gtdf2
 .text          0x00000000080023a8       0xd0 d:/software/stm32cubeide/stm32cubeide_1.5.1/stm32cubeide/plugins/com.st.stm32cube.ide.mcu.externaltools.gnu-tools-for-stm32.7-2018-q2-update.win32_1.5.0.202011040924/tools/bin/../lib/gcc/arm-none-eabi/7.3.1/thumb/v6-m\libgcc.a(ledf2.o)
                0x00000000080023a8                __ledf2
                0x00000000080023a8                __ltdf2
 *(.text*)
 .text.MX_ADC_Init
                0x0000000008002478       0xa0 Core/Src/adc.o
                0x0000000008002478                MX_ADC_Init
 .text.HAL_ADC_MspInit
                0x0000000008002518       0xd4 Core/Src/adc.o
                0x0000000008002518                HAL_ADC_MspInit
 .text.MX_DMA_Init
                0x00000000080025ec       0x30 Core/Src/dma.o
                0x00000000080025ec                MX_DMA_Init
 .text.MX_GPIO_Init
                0x000000000800261c       0x64 Core/Src/gpio.o
                0x000000000800261c                MX_GPIO_Init
 .text.MX_I2C1_Init
                0x0000000008002680       0x60 Core/Src/i2c.o
                0x0000000008002680                MX_I2C1_Init
 .text.HAL_I2C_MspInit
                0x00000000080026e0       0x6c Core/Src/i2c.o
                0x00000000080026e0                HAL_I2C_MspInit
 .text.MX_IWDG_Init
                0x000000000800274c       0x30 Core/Src/iwdg.o
                0x000000000800274c                MX_IWDG_Init
 .text.OLED_Show_Time
                0x000000000800277c      0x104 Core/Src/main.o
                0x000000000800277c                OLED_Show_Time
 .text.SystemClock_Config
                0x0000000008002880      0x15c Core/Src/main.o
                0x0000000008002880                SystemClock_Config
 .text.main     0x00000000080029dc      0x2ac Core/Src/main.o
                0x00000000080029dc                main
 .text.HAL_UART_RxCpltCallback
                0x0000000008002c88       0x20 Core/Src/main.o
                0x0000000008002c88                HAL_UART_RxCpltCallback
 .text.Error_Handler
                0x0000000008002ca8        0x4 Core/Src/main.o
                0x0000000008002ca8                Error_Handler
 .text.MX_RTC_Init
                0x0000000008002cac       0x88 Core/Src/rtc.o
                0x0000000008002cac                MX_RTC_Init
 .text.HAL_RTC_MspInit
                0x0000000008002d34       0x20 Core/Src/rtc.o
                0x0000000008002d34                HAL_RTC_MspInit
 .text.HAL_MspInit
                0x0000000008002d54       0x30 Core/Src/stm32f0xx_hal_msp.o
                0x0000000008002d54                HAL_MspInit
 .text.NMI_Handler
                0x0000000008002d84        0x2 Core/Src/stm32f0xx_it.o
                0x0000000008002d84                NMI_Handler
 .text.HardFault_Handler
                0x0000000008002d86        0x2 Core/Src/stm32f0xx_it.o
                0x0000000008002d86                HardFault_Handler
 .text.SVC_Handler
                0x0000000008002d88        0x2 Core/Src/stm32f0xx_it.o
                0x0000000008002d88                SVC_Handler
 .text.PendSV_Handler
                0x0000000008002d8a        0x2 Core/Src/stm32f0xx_it.o
                0x0000000008002d8a                PendSV_Handler
 .text.SysTick_Handler
                0x0000000008002d8c        0x8 Core/Src/stm32f0xx_it.o
                0x0000000008002d8c                SysTick_Handler
 .text.DMA1_Channel1_IRQHandler
                0x0000000008002d94       0x10 Core/Src/stm32f0xx_it.o
                0x0000000008002d94                DMA1_Channel1_IRQHandler
 .text.ADC1_IRQHandler
                0x0000000008002da4       0x10 Core/Src/stm32f0xx_it.o
                0x0000000008002da4                ADC1_IRQHandler
 .text.TIM17_IRQHandler
                0x0000000008002db4       0x14 Core/Src/stm32f0xx_it.o
                0x0000000008002db4                TIM17_IRQHandler
 .text.USART1_IRQHandler
                0x0000000008002dc8       0x10 Core/Src/stm32f0xx_it.o
                0x0000000008002dc8                USART1_IRQHandler
 .text.SystemInit
                0x0000000008002dd8        0x2 Core/Src/system_stm32f0xx.o
                0x0000000008002dd8                SystemInit
 *fill*         0x0000000008002dda        0x2 
 .text.MX_TIM17_Init
                0x0000000008002ddc       0x74 Core/Src/tim.o
                0x0000000008002ddc                MX_TIM17_Init
 .text.MX_USART1_UART_Init
                0x0000000008002e50       0x3c Core/Src/usart.o
                0x0000000008002e50                MX_USART1_UART_Init
 .text.HAL_UART_MspInit
                0x0000000008002e8c       0x78 Core/Src/usart.o
                0x0000000008002e8c                HAL_UART_MspInit
 .text.Reset_Handler
                0x0000000008002f04       0x50 Core/Startup/startup_stm32f030k6tx.o
                0x0000000008002f04                Reset_Handler
 .text.Default_Handler
                0x0000000008002f54        0x2 Core/Startup/startup_stm32f030k6tx.o
                0x0000000008002f54                TIM1_CC_IRQHandler
                0x0000000008002f54                I2C1_IRQHandler
                0x0000000008002f54                SPI1_IRQHandler
                0x0000000008002f54                EXTI2_3_IRQHandler
                0x0000000008002f54                RTC_IRQHandler
                0x0000000008002f54                TIM16_IRQHandler
                0x0000000008002f54                TIM3_IRQHandler
                0x0000000008002f54                EXTI4_15_IRQHandler
                0x0000000008002f54                RCC_IRQHandler
                0x0000000008002f54                Default_Handler
                0x0000000008002f54                TIM14_IRQHandler
                0x0000000008002f54                DMA1_Channel4_5_IRQHandler
                0x0000000008002f54                EXTI0_1_IRQHandler
                0x0000000008002f54                WWDG_IRQHandler
                0x0000000008002f54                DMA1_Channel2_3_IRQHandler
                0x0000000008002f54                FLASH_IRQHandler
                0x0000000008002f54                TIM1_BRK_UP_TRG_COM_IRQHandler
 .text.CheckCrc8
                0x0000000008002f56       0x4c Core/User_Lib/Src/Hard.o
                0x0000000008002f56                CheckCrc8
 *fill*         0x0000000008002fa2        0x2 
 .text.i2c_write_cmd
                0x0000000008002fa4       0x28 Core/User_Lib/Src/Hard.o
                0x0000000008002fa4                i2c_write_cmd
 .text.sht30_init
                0x0000000008002fcc       0x20 Core/User_Lib/Src/Hard.o
                0x0000000008002fcc                sht30_init
 .text.sht30_sample
                0x0000000008002fec       0xb8 Core/User_Lib/Src/Hard.o
                0x0000000008002fec                sht30_sample
 .text.my_strlen
                0x00000000080030a4       0x20 Core/User_Lib/Src/mcu_api.o
                0x00000000080030a4                my_strlen
 .text.my_memcpy
                0x00000000080030c4       0x44 Core/User_Lib/Src/mcu_api.o
                0x00000000080030c4                my_memcpy
 .text.byte_to_int
                0x0000000008003108       0x16 Core/User_Lib/Src/mcu_api.o
                0x0000000008003108                byte_to_int
 *fill*         0x000000000800311e        0x2 
 .text.mcu_dp_bool_update
                0x0000000008003120       0x4c Core/User_Lib/Src/mcu_api.o
                0x0000000008003120                mcu_dp_bool_update
 .text.mcu_dp_value_update
                0x000000000800316c       0x54 Core/User_Lib/Src/mcu_api.o
                0x000000000800316c                mcu_dp_value_update
 .text.mcu_get_dp_download_bool
                0x00000000080031c0        0x4 Core/User_Lib/Src/mcu_api.o
                0x00000000080031c0                mcu_get_dp_download_bool
 .text.mcu_get_dp_download_value
                0x00000000080031c4        0x8 Core/User_Lib/Src/mcu_api.o
                0x00000000080031c4                mcu_get_dp_download_value
 .text.uart_receive_input
                0x00000000080031cc       0x40 Core/User_Lib/Src/mcu_api.o
                0x00000000080031cc                uart_receive_input
 .text.wifi_uart_service
                0x000000000800320c       0xf4 Core/User_Lib/Src/mcu_api.o
                0x000000000800320c                wifi_uart_service
 .text.wifi_protocol_init
                0x0000000008003300       0x2c Core/User_Lib/Src/mcu_api.o
                0x0000000008003300                wifi_protocol_init
 .text.mcu_get_system_time
                0x000000000800332c        0xe Core/User_Lib/Src/mcu_api.o
                0x000000000800332c                mcu_get_system_time
 *fill*         0x000000000800333a        0x2 
 .text.WriteCmd
                0x000000000800333c       0x28 Core/User_Lib/Src/oled.o
                0x000000000800333c                WriteCmd
 .text.OLED_Refreash
                0x0000000008003364       0x2c Core/User_Lib/Src/oled.o
                0x0000000008003364                OLED_Refreash
 .text.OLED_Init
                0x0000000008003390        0xe Core/User_Lib/Src/oled.o
                0x0000000008003390                OLED_Init
 *fill*         0x000000000800339e        0x2 
 .text.OLED_Clear
                0x00000000080033a0       0x20 Core/User_Lib/Src/oled.o
                0x00000000080033a0                OLED_Clear
 .text.OLED_ShowChar
                0x00000000080033c0       0x78 Core/User_Lib/Src/oled.o
                0x00000000080033c0                OLED_ShowChar
 .text.OLED_ShowNum
                0x0000000008003438       0xc4 Core/User_Lib/Src/oled.o
                0x0000000008003438                OLED_ShowNum
 .text.OLED_ShowString
                0x00000000080034fc       0x4c Core/User_Lib/Src/oled.o
                0x00000000080034fc                OLED_ShowString
 .text.OLED_ShowCHinese
                0x0000000008003548       0x4c Core/User_Lib/Src/oled.o
                0x0000000008003548                OLED_ShowCHinese
 .text.uart_transmit_output
                0x0000000008003594       0x1c Core/User_Lib/Src/protocol.o
                0x0000000008003594                uart_transmit_output
 .text.all_data_update
                0x00000000080035b0       0x70 Core/User_Lib/Src/protocol.o
                0x00000000080035b0                all_data_update
 .text.dp_download_handle
                0x0000000008003620       0x82 Core/User_Lib/Src/protocol.o
                0x0000000008003620                dp_download_handle
 .text.get_download_cmd_total
                0x00000000080036a2        0x4 Core/User_Lib/Src/protocol.o
                0x00000000080036a2                get_download_cmd_total
 *fill*         0x00000000080036a6        0x2 
 .text.mcu_write_rtctime
                0x00000000080036a8       0x84 Core/User_Lib/Src/protocol.o
                0x00000000080036a8                mcu_write_rtctime
 .text.wifi_test_result
                0x000000000800372c        0x2 Core/User_Lib/Src/protocol.o
                0x000000000800372c                wifi_test_result
 *fill*         0x000000000800372e        0x2 
 .text.set_wifi_uart_byte
                0x0000000008003730       0x10 Core/User_Lib/Src/system.o
                0x0000000008003730                set_wifi_uart_byte
 .text.set_wifi_uart_buffer
                0x0000000008003740       0x1c Core/User_Lib/Src/system.o
                0x0000000008003740                set_wifi_uart_buffer
 .text.get_check_sum
                0x000000000800375c       0x22 Core/User_Lib/Src/system.o
                0x000000000800375c                get_check_sum
 *fill*         0x000000000800377e        0x2 
 .text.wifi_uart_write_frame
                0x0000000008003780       0x48 Core/User_Lib/Src/system.o
                0x0000000008003780                wifi_uart_write_frame
 .text.data_handle
                0x00000000080037c8      0x244 Core/User_Lib/Src/system.o
                0x00000000080037c8                data_handle
 .text.with_data_rxbuff
                0x0000000008003a0c       0x1c Core/User_Lib/Src/system.o
                0x0000000008003a0c                with_data_rxbuff
 .text.take_byte_rxbuff
                0x0000000008003a28       0x3c Core/User_Lib/Src/system.o
                0x0000000008003a28                take_byte_rxbuff
 .text.HAL_InitTick
                0x0000000008003a64       0x48 Drivers/STM32F0xx_HAL_Driver/Src/stm32f0xx_hal.o
                0x0000000008003a64                HAL_InitTick
 .text.HAL_Init
                0x0000000008003aac       0x20 Drivers/STM32F0xx_HAL_Driver/Src/stm32f0xx_hal.o
                0x0000000008003aac                HAL_Init
 .text.HAL_IncTick
                0x0000000008003acc       0x18 Drivers/STM32F0xx_HAL_Driver/Src/stm32f0xx_hal.o
                0x0000000008003acc                HAL_IncTick
 .text.HAL_GetTick
                0x0000000008003ae4        0xc Drivers/STM32F0xx_HAL_Driver/Src/stm32f0xx_hal.o
                0x0000000008003ae4                HAL_GetTick
 .text.HAL_Delay
                0x0000000008003af0       0x24 Drivers/STM32F0xx_HAL_Driver/Src/stm32f0xx_hal.o
                0x0000000008003af0                HAL_Delay
 .text.ADC_Enable
                0x0000000008003b14       0x98 Drivers/STM32F0xx_HAL_Driver/Src/stm32f0xx_hal_adc.o
 .text.HAL_ADC_Init
                0x0000000008003bac      0x14c Drivers/STM32F0xx_HAL_Driver/Src/stm32f0xx_hal_adc.o
                0x0000000008003bac                HAL_ADC_Init
 .text.HAL_ADC_Start_DMA
                0x0000000008003cf8       0x94 Drivers/STM32F0xx_HAL_Driver/Src/stm32f0xx_hal_adc.o
                0x0000000008003cf8                HAL_ADC_Start_DMA
 .text.HAL_ADC_ConvCpltCallback
                0x0000000008003d8c        0x2 Drivers/STM32F0xx_HAL_Driver/Src/stm32f0xx_hal_adc.o
                0x0000000008003d8c                HAL_ADC_ConvCpltCallback
 *fill*         0x0000000008003d8e        0x2 
 .text.ADC_DMAConvCplt
                0x0000000008003d90       0x70 Drivers/STM32F0xx_HAL_Driver/Src/stm32f0xx_hal_adc.o
 .text.HAL_ADC_ConvHalfCpltCallback
                0x0000000008003e00        0x2 Drivers/STM32F0xx_HAL_Driver/Src/stm32f0xx_hal_adc.o
                0x0000000008003e00                HAL_ADC_ConvHalfCpltCallback
 .text.ADC_DMAHalfConvCplt
                0x0000000008003e02        0xa Drivers/STM32F0xx_HAL_Driver/Src/stm32f0xx_hal_adc.o
 .text.HAL_ADC_LevelOutOfWindowCallback
                0x0000000008003e0c        0x2 Drivers/STM32F0xx_HAL_Driver/Src/stm32f0xx_hal_adc.o
                0x0000000008003e0c                HAL_ADC_LevelOutOfWindowCallback
 .text.HAL_ADC_ErrorCallback
                0x0000000008003e0e        0x2 Drivers/STM32F0xx_HAL_Driver/Src/stm32f0xx_hal_adc.o
                0x0000000008003e0e                HAL_ADC_ErrorCallback
 .text.ADC_DMAError
                0x0000000008003e10       0x1a Drivers/STM32F0xx_HAL_Driver/Src/stm32f0xx_hal_adc.o
 *fill*         0x0000000008003e2a        0x2 
 .text.HAL_ADC_IRQHandler
                0x0000000008003e2c       0xe0 Drivers/STM32F0xx_HAL_Driver/Src/stm32f0xx_hal_adc.o
                0x0000000008003e2c                HAL_ADC_IRQHandler
 .text.HAL_ADC_ConfigChannel
                0x0000000008003f0c       0xfc Drivers/STM32F0xx_HAL_Driver/Src/stm32f0xx_hal_adc.o
                0x0000000008003f0c                HAL_ADC_ConfigChannel
 .text.HAL_NVIC_SetPriority
                0x0000000008004008       0x54 Drivers/STM32F0xx_HAL_Driver/Src/stm32f0xx_hal_cortex.o
                0x0000000008004008                HAL_NVIC_SetPriority
 .text.HAL_NVIC_EnableIRQ
                0x000000000800405c       0x18 Drivers/STM32F0xx_HAL_Driver/Src/stm32f0xx_hal_cortex.o
                0x000000000800405c                HAL_NVIC_EnableIRQ
 .text.HAL_SYSTICK_Config
                0x0000000008004074       0x34 Drivers/STM32F0xx_HAL_Driver/Src/stm32f0xx_hal_cortex.o
                0x0000000008004074                HAL_SYSTICK_Config
 .text.HAL_DMA_Init
                0x00000000080040a8       0x64 Drivers/STM32F0xx_HAL_Driver/Src/stm32f0xx_hal_dma.o
                0x00000000080040a8                HAL_DMA_Init
 .text.HAL_DMA_Start_IT
                0x000000000800410c       0x78 Drivers/STM32F0xx_HAL_Driver/Src/stm32f0xx_hal_dma.o
                0x000000000800410c                HAL_DMA_Start_IT
 .text.HAL_DMA_Abort
                0x0000000008004184       0x3c Drivers/STM32F0xx_HAL_Driver/Src/stm32f0xx_hal_dma.o
                0x0000000008004184                HAL_DMA_Abort
 .text.HAL_DMA_Abort_IT
                0x00000000080041c0       0x46 Drivers/STM32F0xx_HAL_Driver/Src/stm32f0xx_hal_dma.o
                0x00000000080041c0                HAL_DMA_Abort_IT
 .text.HAL_DMA_IRQHandler
                0x0000000008004206       0x92 Drivers/STM32F0xx_HAL_Driver/Src/stm32f0xx_hal_dma.o
                0x0000000008004206                HAL_DMA_IRQHandler
 .text.HAL_GPIO_Init
                0x0000000008004298      0x168 Drivers/STM32F0xx_HAL_Driver/Src/stm32f0xx_hal_gpio.o
                0x0000000008004298                HAL_GPIO_Init
 .text.HAL_GPIO_WritePin
                0x0000000008004400        0xc Drivers/STM32F0xx_HAL_Driver/Src/stm32f0xx_hal_gpio.o
                0x0000000008004400                HAL_GPIO_WritePin
 .text.HAL_GPIO_TogglePin
                0x000000000800440c       0x10 Drivers/STM32F0xx_HAL_Driver/Src/stm32f0xx_hal_gpio.o
                0x000000000800440c                HAL_GPIO_TogglePin
 .text.I2C_Flush_TXDR
                0x000000000800441c       0x1c Drivers/STM32F0xx_HAL_Driver/Src/stm32f0xx_hal_i2c.o
 .text.I2C_TransferConfig
                0x0000000008004438       0x28 Drivers/STM32F0xx_HAL_Driver/Src/stm32f0xx_hal_i2c.o
 .text.I2C_IsAcknowledgeFailed
                0x0000000008004460       0x7c Drivers/STM32F0xx_HAL_Driver/Src/stm32f0xx_hal_i2c.o
 .text.I2C_WaitOnRXNEFlagUntilTimeout
                0x00000000080044dc       0x80 Drivers/STM32F0xx_HAL_Driver/Src/stm32f0xx_hal_i2c.o
 .text.I2C_WaitOnSTOPFlagUntilTimeout
                0x000000000800455c       0x50 Drivers/STM32F0xx_HAL_Driver/Src/stm32f0xx_hal_i2c.o
 .text.I2C_WaitOnFlagUntilTimeout
                0x00000000080045ac       0x50 Drivers/STM32F0xx_HAL_Driver/Src/stm32f0xx_hal_i2c.o
 .text.I2C_WaitOnTXISFlagUntilTimeout
                0x00000000080045fc       0x54 Drivers/STM32F0xx_HAL_Driver/Src/stm32f0xx_hal_i2c.o
 .text.I2C_RequestMemoryWrite
                0x0000000008004650       0x64 Drivers/STM32F0xx_HAL_Driver/Src/stm32f0xx_hal_i2c.o
 .text.HAL_I2C_Init
                0x00000000080046b4       0xac Drivers/STM32F0xx_HAL_Driver/Src/stm32f0xx_hal_i2c.o
                0x00000000080046b4                HAL_I2C_Init
 .text.HAL_I2C_Master_Transmit
                0x0000000008004760      0x12c Drivers/STM32F0xx_HAL_Driver/Src/stm32f0xx_hal_i2c.o
                0x0000000008004760                HAL_I2C_Master_Transmit
 .text.HAL_I2C_Master_Receive
                0x000000000800488c      0x12c Drivers/STM32F0xx_HAL_Driver/Src/stm32f0xx_hal_i2c.o
                0x000000000800488c                HAL_I2C_Master_Receive
 .text.HAL_I2C_Mem_Write
                0x00000000080049b8      0x16c Drivers/STM32F0xx_HAL_Driver/Src/stm32f0xx_hal_i2c.o
                0x00000000080049b8                HAL_I2C_Mem_Write
 .text.HAL_I2CEx_ConfigAnalogFilter
                0x0000000008004b24       0x4c Drivers/STM32F0xx_HAL_Driver/Src/stm32f0xx_hal_i2c_ex.o
                0x0000000008004b24                HAL_I2CEx_ConfigAnalogFilter
 .text.HAL_I2CEx_ConfigDigitalFilter
                0x0000000008004b70       0x48 Drivers/STM32F0xx_HAL_Driver/Src/stm32f0xx_hal_i2c_ex.o
                0x0000000008004b70                HAL_I2CEx_ConfigDigitalFilter
 .text.HAL_IWDG_Init
                0x0000000008004bb8       0x58 Drivers/STM32F0xx_HAL_Driver/Src/stm32f0xx_hal_iwdg.o
                0x0000000008004bb8                HAL_IWDG_Init
 .text.HAL_IWDG_Refresh
                0x0000000008004c10       0x10 Drivers/STM32F0xx_HAL_Driver/Src/stm32f0xx_hal_iwdg.o
                0x0000000008004c10                HAL_IWDG_Refresh
 .text.HAL_RCC_GetSysClockFreq
                0x0000000008004c20       0x64 Drivers/STM32F0xx_HAL_Driver/Src/stm32f0xx_hal_rcc.o
                0x0000000008004c20                HAL_RCC_GetSysClockFreq
 .text.HAL_RCC_GetPCLK1Freq
                0x0000000008004c84       0x20 Drivers/STM32F0xx_HAL_Driver/Src/stm32f0xx_hal_rcc.o
                0x0000000008004c84                HAL_RCC_GetPCLK1Freq
 .text.HAL_RTC_WaitForSynchro
                0x0000000008004ca4       0x34 Drivers/STM32F0xx_HAL_Driver/Src/stm32f0xx_hal_rtc.o
                0x0000000008004ca4                HAL_RTC_WaitForSynchro
 .text.RTC_EnterInitMode
                0x0000000008004cd8       0x38 Drivers/STM32F0xx_HAL_Driver/Src/stm32f0xx_hal_rtc.o
                0x0000000008004cd8                RTC_EnterInitMode
 .text.HAL_RTC_Init
                0x0000000008004d10       0xa8 Drivers/STM32F0xx_HAL_Driver/Src/stm32f0xx_hal_rtc.o
                0x0000000008004d10                HAL_RTC_Init
 .text.RTC_ByteToBcd2
                0x0000000008004db8       0x16 Drivers/STM32F0xx_HAL_Driver/Src/stm32f0xx_hal_rtc.o
                0x0000000008004db8                RTC_ByteToBcd2
 *fill*         0x0000000008004dce        0x2 
 .text.HAL_RTC_SetTime
                0x0000000008004dd0       0xec Drivers/STM32F0xx_HAL_Driver/Src/stm32f0xx_hal_rtc.o
                0x0000000008004dd0                HAL_RTC_SetTime
 .text.HAL_RTC_SetDate
                0x0000000008004ebc       0xc8 Drivers/STM32F0xx_HAL_Driver/Src/stm32f0xx_hal_rtc.o
                0x0000000008004ebc                HAL_RTC_SetDate
 .text.RTC_Bcd2ToByte
                0x0000000008004f84       0x10 Drivers/STM32F0xx_HAL_Driver/Src/stm32f0xx_hal_rtc.o
                0x0000000008004f84                RTC_Bcd2ToByte
 .text.HAL_RTC_GetTime
                0x0000000008004f94       0x54 Drivers/STM32F0xx_HAL_Driver/Src/stm32f0xx_hal_rtc.o
                0x0000000008004f94                HAL_RTC_GetTime
 .text.HAL_RTC_GetDate
                0x0000000008004fe8       0x44 Drivers/STM32F0xx_HAL_Driver/Src/stm32f0xx_hal_rtc.o
                0x0000000008004fe8                HAL_RTC_GetDate
 .text.UART_EndRxTransfer
                0x000000000800502c       0x34 Drivers/STM32F0xx_HAL_Driver/Src/stm32f0xx_hal_uart.o
 .text.HAL_UART_TxCpltCallback
                0x0000000008005060        0x2 Drivers/STM32F0xx_HAL_Driver/Src/stm32f0xx_hal_uart.o
                0x0000000008005060                HAL_UART_TxCpltCallback
 .text.HAL_UART_ErrorCallback
                0x0000000008005062        0x2 Drivers/STM32F0xx_HAL_Driver/Src/stm32f0xx_hal_uart.o
                0x0000000008005062                HAL_UART_ErrorCallback
 .text.UART_DMAAbortOnError
                0x0000000008005064       0x16 Drivers/STM32F0xx_HAL_Driver/Src/stm32f0xx_hal_uart.o
 .text.HAL_UARTEx_RxEventCallback
                0x000000000800507a        0x2 Drivers/STM32F0xx_HAL_Driver/Src/stm32f0xx_hal_uart.o
                0x000000000800507a                HAL_UARTEx_RxEventCallback
 .text.HAL_UART_IRQHandler
                0x000000000800507c      0x204 Drivers/STM32F0xx_HAL_Driver/Src/stm32f0xx_hal_uart.o
                0x000000000800507c                HAL_UART_IRQHandler
 .text.UART_RxISR_8BIT
                0x0000000008005280       0x84 Drivers/STM32F0xx_HAL_Driver/Src/stm32f0xx_hal_uart.o
 .text.UART_RxISR_16BIT
                0x0000000008005304       0x80 Drivers/STM32F0xx_HAL_Driver/Src/stm32f0xx_hal_uart.o
 .text.UART_SetConfig
                0x0000000008005384      0x114 Drivers/STM32F0xx_HAL_Driver/Src/stm32f0xx_hal_uart.o
                0x0000000008005384                UART_SetConfig
 .text.UART_AdvFeatureConfig
                0x0000000008005498       0xd0 Drivers/STM32F0xx_HAL_Driver/Src/stm32f0xx_hal_uart.o
                0x0000000008005498                UART_AdvFeatureConfig
 .text.UART_WaitOnFlagUntilTimeout
                0x0000000008005568       0x90 Drivers/STM32F0xx_HAL_Driver/Src/stm32f0xx_hal_uart.o
                0x0000000008005568                UART_WaitOnFlagUntilTimeout
 .text.HAL_UART_Transmit
                0x00000000080055f8       0xd6 Drivers/STM32F0xx_HAL_Driver/Src/stm32f0xx_hal_uart.o
                0x00000000080055f8                HAL_UART_Transmit
 *fill*         0x00000000080056ce        0x2 
 .text.UART_CheckIdleState
                0x00000000080056d0       0x64 Drivers/STM32F0xx_HAL_Driver/Src/stm32f0xx_hal_uart.o
                0x00000000080056d0                UART_CheckIdleState
 .text.HAL_UART_Init
                0x0000000008005734       0x64 Drivers/STM32F0xx_HAL_Driver/Src/stm32f0xx_hal_uart.o
                0x0000000008005734                HAL_UART_Init
 .text.UART_Start_Receive_IT
                0x0000000008005798       0x84 Drivers/STM32F0xx_HAL_Driver/Src/stm32f0xx_hal_uart.o
                0x0000000008005798                UART_Start_Receive_IT
 .text.HAL_UART_Receive_IT
                0x000000000800581c       0x58 Drivers/STM32F0xx_HAL_Driver/Src/stm32f0xx_hal_uart.o
                0x000000000800581c                HAL_UART_Receive_IT
 .text.LL_TIM_Init
                0x0000000008005874       0x80 Drivers/STM32F0xx_HAL_Driver/Src/stm32f0xx_ll_tim.o
                0x0000000008005874                LL_TIM_Init
 .text.LL_SetSystemCoreClock
                0x00000000080058f4        0xc Drivers/STM32F0xx_HAL_Driver/Src/stm32f0xx_ll_utils.o
                0x00000000080058f4                LL_SetSystemCoreClock
 .text.__libc_init_array
                0x0000000008005900       0x48 d:/software/stm32cubeide/stm32cubeide_1.5.1/stm32cubeide/plugins/com.st.stm32cube.ide.mcu.externaltools.gnu-tools-for-stm32.7-2018-q2-update.win32_1.5.0.202011040924/tools/bin/../lib/gcc/arm-none-eabi/7.3.1/../../../../arm-none-eabi/lib/thumb/v6-m\libc_nano.a(lib_a-init.o)
                0x0000000008005900                __libc_init_array
 .text.memcpy   0x0000000008005948       0x12 d:/software/stm32cubeide/stm32cubeide_1.5.1/stm32cubeide/plugins/com.st.stm32cube.ide.mcu.externaltools.gnu-tools-for-stm32.7-2018-q2-update.win32_1.5.0.202011040924/tools/bin/../lib/gcc/arm-none-eabi/7.3.1/../../../../arm-none-eabi/lib/thumb/v6-m\libc_nano.a(lib_a-memcpy-stub.o)
                0x0000000008005948                memcpy
 .text.memset   0x000000000800595a       0x10 d:/software/stm32cubeide/stm32cubeide_1.5.1/stm32cubeide/plugins/com.st.stm32cube.ide.mcu.externaltools.gnu-tools-for-stm32.7-2018-q2-update.win32_1.5.0.202011040924/tools/bin/../lib/gcc/arm-none-eabi/7.3.1/../../../../arm-none-eabi/lib/thumb/v6-m\libc_nano.a(lib_a-memset.o)
                0x000000000800595a                memset
 *(.glue_7)
 .glue_7        0x000000000800596a        0x0 linker stubs
 *(.glue_7t)
 .glue_7t       0x000000000800596a        0x0 linker stubs
 *(.eh_frame)
 *fill*         0x000000000800596a        0x2 
 .eh_frame      0x000000000800596c        0x0 d:/software/stm32cubeide/stm32cubeide_1.5.1/stm32cubeide/plugins/com.st.stm32cube.ide.mcu.externaltools.gnu-tools-for-stm32.7-2018-q2-update.win32_1.5.0.202011040924/tools/bin/../lib/gcc/arm-none-eabi/7.3.1/thumb/v6-m/crtbegin.o
 *(.init)
 .init          0x000000000800596c        0x4 d:/software/stm32cubeide/stm32cubeide_1.5.1/stm32cubeide/plugins/com.st.stm32cube.ide.mcu.externaltools.gnu-tools-for-stm32.7-2018-q2-update.win32_1.5.0.202011040924/tools/bin/../lib/gcc/arm-none-eabi/7.3.1/thumb/v6-m/crti.o
                0x000000000800596c                _init
 .init          0x0000000008005970        0x8 d:/software/stm32cubeide/stm32cubeide_1.5.1/stm32cubeide/plugins/com.st.stm32cube.ide.mcu.externaltools.gnu-tools-for-stm32.7-2018-q2-update.win32_1.5.0.202011040924/tools/bin/../lib/gcc/arm-none-eabi/7.3.1/thumb/v6-m/crtn.o
 *(.fini)
 .fini          0x0000000008005978        0x4 d:/software/stm32cubeide/stm32cubeide_1.5.1/stm32cubeide/plugins/com.st.stm32cube.ide.mcu.externaltools.gnu-tools-for-stm32.7-2018-q2-update.win32_1.5.0.202011040924/tools/bin/../lib/gcc/arm-none-eabi/7.3.1/thumb/v6-m/crti.o
                0x0000000008005978                _fini
 .fini          0x000000000800597c        0x8 d:/software/stm32cubeide/stm32cubeide_1.5.1/stm32cubeide/plugins/com.st.stm32cube.ide.mcu.externaltools.gnu-tools-for-stm32.7-2018-q2-update.win32_1.5.0.202011040924/tools/bin/../lib/gcc/arm-none-eabi/7.3.1/thumb/v6-m/crtn.o
                0x0000000008005984                . = ALIGN (0x4)
                0x0000000008005984                _etext = .

.vfp11_veneer   0x0000000008005984        0x0
 .vfp11_veneer  0x0000000008005984        0x0 linker stubs

.v4_bx          0x0000000008005984        0x0
 .v4_bx         0x0000000008005984        0x0 linker stubs

.iplt           0x0000000008005984        0x0
 .iplt          0x0000000008005984        0x0 d:/software/stm32cubeide/stm32cubeide_1.5.1/stm32cubeide/plugins/com.st.stm32cube.ide.mcu.externaltools.gnu-tools-for-stm32.7-2018-q2-update.win32_1.5.0.202011040924/tools/bin/../lib/gcc/arm-none-eabi/7.3.1/thumb/v6-m/crtbegin.o

.rodata         0x0000000008005984      0x854
                0x0000000008005984                . = ALIGN (0x4)
 *(.rodata)
 .rodata        0x0000000008005984       0x20 Drivers/STM32F0xx_HAL_Driver/Src/stm32f0xx_hal_rcc.o
 .rodata        0x00000000080059a4       0x80 d:/software/stm32cubeide/stm32cubeide_1.5.1/stm32cubeide/plugins/com.st.stm32cube.ide.mcu.externaltools.gnu-tools-for-stm32.7-2018-q2-update.win32_1.5.0.202011040924/tools/bin/../lib/gcc/arm-none-eabi/7.3.1/thumb/v6-m\libgcc.a(divsf3.o)
 .rodata        0x0000000008005a24       0x40 d:/software/stm32cubeide/stm32cubeide_1.5.1/stm32cubeide/plugins/com.st.stm32cube.ide.mcu.externaltools.gnu-tools-for-stm32.7-2018-q2-update.win32_1.5.0.202011040924/tools/bin/../lib/gcc/arm-none-eabi/7.3.1/thumb/v6-m\libgcc.a(mulsf3.o)
 .rodata        0x0000000008005a64       0x40 d:/software/stm32cubeide/stm32cubeide_1.5.1/stm32cubeide/plugins/com.st.stm32cube.ide.mcu.externaltools.gnu-tools-for-stm32.7-2018-q2-update.win32_1.5.0.202011040924/tools/bin/../lib/gcc/arm-none-eabi/7.3.1/thumb/v6-m\libgcc.a(divdf3.o)
 .rodata        0x0000000008005aa4       0x40 d:/software/stm32cubeide/stm32cubeide_1.5.1/stm32cubeide/plugins/com.st.stm32cube.ide.mcu.externaltools.gnu-tools-for-stm32.7-2018-q2-update.win32_1.5.0.202011040924/tools/bin/../lib/gcc/arm-none-eabi/7.3.1/thumb/v6-m\libgcc.a(muldf3.o)
 *(.rodata*)
 .rodata.main.str1.4
                0x0000000008005ae4       0x1e Core/Src/main.o
 *fill*         0x0000000008005b02        0x2 
 .rodata.APBPrescTable
                0x0000000008005b04        0x8 Core/Src/system_stm32f0xx.o
                0x0000000008005b04                APBPrescTable
 .rodata.F8X16  0x0000000008005b0c      0x5f0 Core/User_Lib/Src/oled.o
                0x0000000008005b0c                F8X16
 .rodata.download_cmd
                0x00000000080060fc       0x10 Core/User_Lib/Src/protocol.o
                0x00000000080060fc                download_cmd
 .rodata.mcu_write_rtctime.str1.4
                0x000000000800610c       0x15 Core/User_Lib/Src/protocol.o
 *fill*         0x0000000008006121        0x3 
 .rodata.data_handle
                0x0000000008006124       0x74 Core/User_Lib/Src/system.o
 .rodata.data_handle.str1.4
                0x0000000008006198       0x3c Core/User_Lib/Src/system.o
                                         0x3a (size before relaxing)
 .rodata.CSWTCH.56
                0x00000000080061d4        0x4 Drivers/STM32F0xx_HAL_Driver/Src/stm32f0xx_hal_uart.o
                0x00000000080061d8                . = ALIGN (0x4)

.rel.dyn        0x00000000080061d8        0x0
 .rel.iplt      0x00000000080061d8        0x0 d:/software/stm32cubeide/stm32cubeide_1.5.1/stm32cubeide/plugins/com.st.stm32cube.ide.mcu.externaltools.gnu-tools-for-stm32.7-2018-q2-update.win32_1.5.0.202011040924/tools/bin/../lib/gcc/arm-none-eabi/7.3.1/thumb/v6-m/crtbegin.o

.ARM.extab      0x00000000080061d8        0x0
                0x00000000080061d8                . = ALIGN (0x4)
 *(.ARM.extab* .gnu.linkonce.armextab.*)
                0x00000000080061d8                . = ALIGN (0x4)

.ARM            0x00000000080061d8        0x0
                0x00000000080061d8                . = ALIGN (0x4)
                0x00000000080061d8                __exidx_start = .
 *(.ARM.exidx*)
                0x00000000080061d8                __exidx_end = .
                0x00000000080061d8                . = ALIGN (0x4)

.preinit_array  0x00000000080061d8        0x0
                0x00000000080061d8                . = ALIGN (0x4)
                0x00000000080061d8                PROVIDE (__preinit_array_start = .)
 *(.preinit_array*)
                0x00000000080061d8                PROVIDE (__preinit_array_end = .)
                0x00000000080061d8                . = ALIGN (0x4)

.init_array     0x00000000080061d8        0x4
                0x00000000080061d8                . = ALIGN (0x4)
                0x00000000080061d8                PROVIDE (__init_array_start = .)
 *(SORT_BY_NAME(.init_array.*))
 *(.init_array*)
 .init_array    0x00000000080061d8        0x4 d:/software/stm32cubeide/stm32cubeide_1.5.1/stm32cubeide/plugins/com.st.stm32cube.ide.mcu.externaltools.gnu-tools-for-stm32.7-2018-q2-update.win32_1.5.0.202011040924/tools/bin/../lib/gcc/arm-none-eabi/7.3.1/thumb/v6-m/crtbegin.o
                0x00000000080061dc                PROVIDE (__init_array_end = .)
                0x00000000080061dc                . = ALIGN (0x4)

.fini_array     0x00000000080061dc        0x4
                0x00000000080061dc                . = ALIGN (0x4)
                [!provide]                        PROVIDE (__fini_array_start = .)
 *(SORT_BY_NAME(.fini_array.*))
 *(.fini_array*)
 .fini_array    0x00000000080061dc        0x4 d:/software/stm32cubeide/stm32cubeide_1.5.1/stm32cubeide/plugins/com.st.stm32cube.ide.mcu.externaltools.gnu-tools-for-stm32.7-2018-q2-update.win32_1.5.0.202011040924/tools/bin/../lib/gcc/arm-none-eabi/7.3.1/thumb/v6-m/crtbegin.o
                [!provide]                        PROVIDE (__fini_array_end = .)
                0x00000000080061e0                . = ALIGN (0x4)
                0x00000000080061e0                _sidata = LOADADDR (.data)

.data           0x0000000020000000      0x370 load address 0x00000000080061e0
                0x0000000020000000                . = ALIGN (0x4)
                0x0000000020000000                _sdata = .
 *(.data)
 *(.data*)
 .data.isDisplay
                0x0000000020000000        0x1 Core/Src/main.o
                0x0000000020000000                isDisplay
 *fill*         0x0000000020000001        0x3 
 .data.SystemCoreClock
                0x0000000020000004        0x4 Core/Src/system_stm32f0xx.o
                0x0000000020000004                SystemCoreClock
 .data.CMD_Data
                0x0000000020000008       0x1d Core/User_Lib/Src/oled.o
                0x0000000020000008                CMD_Data
 *fill*         0x0000000020000025        0x3 
 .data.Hzk      0x0000000020000028      0x340 Core/User_Lib/Src/oled.o
                0x0000000020000028                Hzk
 .data.uwTickFreq
                0x0000000020000368        0x1 Drivers/STM32F0xx_HAL_Driver/Src/stm32f0xx_hal.o
                0x0000000020000368                uwTickFreq
 *fill*         0x0000000020000369        0x3 
 .data.uwTickPrio
                0x000000002000036c        0x4 Drivers/STM32F0xx_HAL_Driver/Src/stm32f0xx_hal.o
                0x000000002000036c                uwTickPrio
 *(.RamFunc)
 *(.RamFunc*)
                0x0000000020000370                . = ALIGN (0x4)
                0x0000000020000370                _edata = .

.igot.plt       0x0000000020000370        0x0 load address 0x0000000008006550
 .igot.plt      0x0000000020000370        0x0 d:/software/stm32cubeide/stm32cubeide_1.5.1/stm32cubeide/plugins/com.st.stm32cube.ide.mcu.externaltools.gnu-tools-for-stm32.7-2018-q2-update.win32_1.5.0.202011040924/tools/bin/../lib/gcc/arm-none-eabi/7.3.1/thumb/v6-m/crtbegin.o
                0x0000000020000370                . = ALIGN (0x4)

.bss            0x0000000020000370      0x63c load address 0x0000000008006550
                0x0000000020000370                _sbss = .
                0x0000000020000370                __bss_start__ = _sbss
 *(.bss)
 .bss           0x0000000020000370       0x1c d:/software/stm32cubeide/stm32cubeide_1.5.1/stm32cubeide/plugins/com.st.stm32cube.ide.mcu.externaltools.gnu-tools-for-stm32.7-2018-q2-update.win32_1.5.0.202011040924/tools/bin/../lib/gcc/arm-none-eabi/7.3.1/thumb/v6-m/crtbegin.o
 *(.bss*)
 .bss.Humidity  0x000000002000038c        0x4 Core/Src/main.o
                0x000000002000038c                Humidity
 .bss.Temperature
                0x0000000020000390        0x4 Core/Src/main.o
                0x0000000020000390                Temperature
 .bss.rx_in.9480
                0x0000000020000394        0x2 Core/User_Lib/Src/mcu_api.o
 *fill*         0x0000000020000396        0x2 
 .bss.OLED      0x0000000020000398      0x400 Core/User_Lib/Src/oled.o
                0x0000000020000398                OLED
 .bss.mcu_reset_state.9402
                0x0000000020000798        0x1 Core/User_Lib/Src/system.o
 *(COMMON)
 *fill*         0x0000000020000799        0x3 
 COMMON         0x000000002000079c       0x84 Core/Src/adc.o
                0x000000002000079c                hdma_adc
                0x00000000200007e0                hadc
 COMMON         0x0000000020000820       0x4c Core/Src/i2c.o
                0x0000000020000820                hi2c1
 COMMON         0x000000002000086c       0x10 Core/Src/iwdg.o
                0x000000002000086c                hiwdg
 COMMON         0x000000002000087c        0xa Core/Src/main.o
                0x000000002000087c                aRxBuffer
                0x0000000020000880                ADval
 *fill*         0x0000000020000886        0x2 
 COMMON         0x0000000020000888       0x20 Core/Src/rtc.o
                0x0000000020000888                hrtc
 COMMON         0x00000000200008a8       0x84 Core/Src/usart.o
                0x00000000200008a8                huart1
 COMMON         0x000000002000092c       0x7a Core/User_Lib/Src/system.o
                0x000000002000092c                wifi_data_process_buf
                0x000000002000094b                set_wifimode_flag
                0x000000002000094c                rx_buf_in
                0x0000000020000950                wifi_uart_rx_buf
                0x0000000020000968                rx_buf_out
                0x000000002000096c                wifi_uart_tx_buf
                0x00000000200009a3                wifi_work_state
                0x00000000200009a4                reset_wifi_flag
                0x00000000200009a5                stop_update_flag
 *fill*         0x00000000200009a6        0x2 
 COMMON         0x00000000200009a8        0x4 Drivers/STM32F0xx_HAL_Driver/Src/stm32f0xx_hal.o
                0x00000000200009a8                uwTick
                0x00000000200009ac                . = ALIGN (0x4)
                0x00000000200009ac                _ebss = .
                0x00000000200009ac                __bss_end__ = _ebss

._user_heap_stack
                0x00000000200009ac      0x604 load address 0x0000000008006550
                0x00000000200009b0                . = ALIGN (0x8)
 *fill*         0x00000000200009ac        0x4 
                [!provide]                        PROVIDE (end = .)
                0x00000000200009b0                PROVIDE (_end = .)
                0x0000000020000bb0                . = (. + _Min_Heap_Size)
 *fill*         0x00000000200009b0      0x200 
                0x0000000020000fb0                . = (. + _Min_Stack_Size)
 *fill*         0x0000000020000bb0      0x400 
                0x0000000020000fb0                . = ALIGN (0x8)

/DISCARD/
 libc.a(*)
 libm.a(*)
 libgcc.a(*)

.ARM.attributes
                0x0000000000000000       0x28
 *(.ARM.attributes)
 .ARM.attributes
                0x0000000000000000       0x1e d:/software/stm32cubeide/stm32cubeide_1.5.1/stm32cubeide/plugins/com.st.stm32cube.ide.mcu.externaltools.gnu-tools-for-stm32.7-2018-q2-update.win32_1.5.0.202011040924/tools/bin/../lib/gcc/arm-none-eabi/7.3.1/thumb/v6-m/crti.o
 .ARM.attributes
                0x000000000000001e       0x2c d:/software/stm32cubeide/stm32cubeide_1.5.1/stm32cubeide/plugins/com.st.stm32cube.ide.mcu.externaltools.gnu-tools-for-stm32.7-2018-q2-update.win32_1.5.0.202011040924/tools/bin/../lib/gcc/arm-none-eabi/7.3.1/thumb/v6-m/crtbegin.o
 .ARM.attributes
                0x000000000000004a       0x31 Core/Src/adc.o
 .ARM.attributes
                0x000000000000007b       0x31 Core/Src/dma.o
 .ARM.attributes
                0x00000000000000ac       0x31 Core/Src/gpio.o
 .ARM.attributes
                0x00000000000000dd       0x31 Core/Src/i2c.o
 .ARM.attributes
                0x000000000000010e       0x31 Core/Src/iwdg.o
 .ARM.attributes
                0x000000000000013f       0x31 Core/Src/main.o
 .ARM.attributes
                0x0000000000000170       0x31 Core/Src/rtc.o
 .ARM.attributes
                0x00000000000001a1       0x31 Core/Src/stm32f0xx_hal_msp.o
 .ARM.attributes
                0x00000000000001d2       0x31 Core/Src/stm32f0xx_it.o
 .ARM.attributes
                0x0000000000000203       0x31 Core/Src/system_stm32f0xx.o
 .ARM.attributes
                0x0000000000000234       0x31 Core/Src/tim.o
 .ARM.attributes
                0x0000000000000265       0x31 Core/Src/usart.o
 .ARM.attributes
                0x0000000000000296       0x21 Core/Startup/startup_stm32f030k6tx.o
 .ARM.attributes
                0x00000000000002b7       0x31 Core/User_Lib/Src/Hard.o
 .ARM.attributes
                0x00000000000002e8       0x31 Core/User_Lib/Src/mcu_api.o
 .ARM.attributes
                0x0000000000000319       0x31 Core/User_Lib/Src/oled.o
 .ARM.attributes
                0x000000000000034a       0x31 Core/User_Lib/Src/protocol.o
 .ARM.attributes
                0x000000000000037b       0x31 Core/User_Lib/Src/system.o
 .ARM.attributes
                0x00000000000003ac       0x31 Drivers/STM32F0xx_HAL_Driver/Src/stm32f0xx_hal.o
 .ARM.attributes
                0x00000000000003dd       0x31 Drivers/STM32F0xx_HAL_Driver/Src/stm32f0xx_hal_adc.o
 .ARM.attributes
                0x000000000000040e       0x31 Drivers/STM32F0xx_HAL_Driver/Src/stm32f0xx_hal_cortex.o
 .ARM.attributes
                0x000000000000043f       0x31 Drivers/STM32F0xx_HAL_Driver/Src/stm32f0xx_hal_dma.o
 .ARM.attributes
                0x0000000000000470       0x31 Drivers/STM32F0xx_HAL_Driver/Src/stm32f0xx_hal_gpio.o
 .ARM.attributes
                0x00000000000004a1       0x31 Drivers/STM32F0xx_HAL_Driver/Src/stm32f0xx_hal_i2c.o
 .ARM.attributes
                0x00000000000004d2       0x31 Drivers/STM32F0xx_HAL_Driver/Src/stm32f0xx_hal_i2c_ex.o
 .ARM.attributes
                0x0000000000000503       0x31 Drivers/STM32F0xx_HAL_Driver/Src/stm32f0xx_hal_iwdg.o
 .ARM.attributes
                0x0000000000000534       0x31 Drivers/STM32F0xx_HAL_Driver/Src/stm32f0xx_hal_rcc.o
 .ARM.attributes
                0x0000000000000565       0x31 Drivers/STM32F0xx_HAL_Driver/Src/stm32f0xx_hal_rtc.o
 .ARM.attributes
                0x0000000000000596       0x31 Drivers/STM32F0xx_HAL_Driver/Src/stm32f0xx_hal_uart.o
 .ARM.attributes
                0x00000000000005c7       0x31 Drivers/STM32F0xx_HAL_Driver/Src/stm32f0xx_ll_tim.o
 .ARM.attributes
                0x00000000000005f8       0x31 Drivers/STM32F0xx_HAL_Driver/Src/stm32f0xx_ll_utils.o
 .ARM.attributes
                0x0000000000000629       0x2c d:/software/stm32cubeide/stm32cubeide_1.5.1/stm32cubeide/plugins/com.st.stm32cube.ide.mcu.externaltools.gnu-tools-for-stm32.7-2018-q2-update.win32_1.5.0.202011040924/tools/bin/../lib/gcc/arm-none-eabi/7.3.1/../../../../arm-none-eabi/lib/thumb/v6-m\libc_nano.a(lib_a-init.o)
 .ARM.attributes
                0x0000000000000655       0x2c d:/software/stm32cubeide/stm32cubeide_1.5.1/stm32cubeide/plugins/com.st.stm32cube.ide.mcu.externaltools.gnu-tools-for-stm32.7-2018-q2-update.win32_1.5.0.202011040924/tools/bin/../lib/gcc/arm-none-eabi/7.3.1/../../../../arm-none-eabi/lib/thumb/v6-m\libc_nano.a(lib_a-memcpy-stub.o)
 .ARM.attributes
                0x0000000000000681       0x2c d:/software/stm32cubeide/stm32cubeide_1.5.1/stm32cubeide/plugins/com.st.stm32cube.ide.mcu.externaltools.gnu-tools-for-stm32.7-2018-q2-update.win32_1.5.0.202011040924/tools/bin/../lib/gcc/arm-none-eabi/7.3.1/../../../../arm-none-eabi/lib/thumb/v6-m\libc_nano.a(lib_a-memset.o)
 .ARM.attributes
                0x00000000000006ad       0x1e d:/software/stm32cubeide/stm32cubeide_1.5.1/stm32cubeide/plugins/com.st.stm32cube.ide.mcu.externaltools.gnu-tools-for-stm32.7-2018-q2-update.win32_1.5.0.202011040924/tools/bin/../lib/gcc/arm-none-eabi/7.3.1/thumb/v6-m\libgcc.a(_thumb1_case_sqi.o)
 .ARM.attributes
                0x00000000000006cb       0x1e d:/software/stm32cubeide/stm32cubeide_1.5.1/stm32cubeide/plugins/com.st.stm32cube.ide.mcu.externaltools.gnu-tools-for-stm32.7-2018-q2-update.win32_1.5.0.202011040924/tools/bin/../lib/gcc/arm-none-eabi/7.3.1/thumb/v6-m\libgcc.a(_thumb1_case_uqi.o)
 .ARM.attributes
                0x00000000000006e9       0x1e d:/software/stm32cubeide/stm32cubeide_1.5.1/stm32cubeide/plugins/com.st.stm32cube.ide.mcu.externaltools.gnu-tools-for-stm32.7-2018-q2-update.win32_1.5.0.202011040924/tools/bin/../lib/gcc/arm-none-eabi/7.3.1/thumb/v6-m\libgcc.a(_udivsi3.o)
 .ARM.attributes
                0x0000000000000707       0x1e d:/software/stm32cubeide/stm32cubeide_1.5.1/stm32cubeide/plugins/com.st.stm32cube.ide.mcu.externaltools.gnu-tools-for-stm32.7-2018-q2-update.win32_1.5.0.202011040924/tools/bin/../lib/gcc/arm-none-eabi/7.3.1/thumb/v6-m\libgcc.a(_divsi3.o)
 .ARM.attributes
                0x0000000000000725       0x1e d:/software/stm32cubeide/stm32cubeide_1.5.1/stm32cubeide/plugins/com.st.stm32cube.ide.mcu.externaltools.gnu-tools-for-stm32.7-2018-q2-update.win32_1.5.0.202011040924/tools/bin/../lib/gcc/arm-none-eabi/7.3.1/thumb/v6-m\libgcc.a(_dvmd_tls.o)
 .ARM.attributes
                0x0000000000000743       0x2c d:/software/stm32cubeide/stm32cubeide_1.5.1/stm32cubeide/plugins/com.st.stm32cube.ide.mcu.externaltools.gnu-tools-for-stm32.7-2018-q2-update.win32_1.5.0.202011040924/tools/bin/../lib/gcc/arm-none-eabi/7.3.1/thumb/v6-m\libgcc.a(_fixunssfsi.o)
 .ARM.attributes
                0x000000000000076f       0x2c d:/software/stm32cubeide/stm32cubeide_1.5.1/stm32cubeide/plugins/com.st.stm32cube.ide.mcu.externaltools.gnu-tools-for-stm32.7-2018-q2-update.win32_1.5.0.202011040924/tools/bin/../lib/gcc/arm-none-eabi/7.3.1/thumb/v6-m\libgcc.a(_fixunsdfsi.o)
 .ARM.attributes
                0x000000000000079b       0x2c d:/software/stm32cubeide/stm32cubeide_1.5.1/stm32cubeide/plugins/com.st.stm32cube.ide.mcu.externaltools.gnu-tools-for-stm32.7-2018-q2-update.win32_1.5.0.202011040924/tools/bin/../lib/gcc/arm-none-eabi/7.3.1/thumb/v6-m\libgcc.a(divsf3.o)
 .ARM.attributes
                0x00000000000007c7       0x2c d:/software/stm32cubeide/stm32cubeide_1.5.1/stm32cubeide/plugins/com.st.stm32cube.ide.mcu.externaltools.gnu-tools-for-stm32.7-2018-q2-update.win32_1.5.0.202011040924/tools/bin/../lib/gcc/arm-none-eabi/7.3.1/thumb/v6-m\libgcc.a(mulsf3.o)
 .ARM.attributes
                0x00000000000007f3       0x2c d:/software/stm32cubeide/stm32cubeide_1.5.1/stm32cubeide/plugins/com.st.stm32cube.ide.mcu.externaltools.gnu-tools-for-stm32.7-2018-q2-update.win32_1.5.0.202011040924/tools/bin/../lib/gcc/arm-none-eabi/7.3.1/thumb/v6-m\libgcc.a(subsf3.o)
 .ARM.attributes
                0x000000000000081f       0x2c d:/software/stm32cubeide/stm32cubeide_1.5.1/stm32cubeide/plugins/com.st.stm32cube.ide.mcu.externaltools.gnu-tools-for-stm32.7-2018-q2-update.win32_1.5.0.202011040924/tools/bin/../lib/gcc/arm-none-eabi/7.3.1/thumb/v6-m\libgcc.a(fixsfsi.o)
 .ARM.attributes
                0x000000000000084b       0x2c d:/software/stm32cubeide/stm32cubeide_1.5.1/stm32cubeide/plugins/com.st.stm32cube.ide.mcu.externaltools.gnu-tools-for-stm32.7-2018-q2-update.win32_1.5.0.202011040924/tools/bin/../lib/gcc/arm-none-eabi/7.3.1/thumb/v6-m\libgcc.a(floatunsisf.o)
 .ARM.attributes
                0x0000000000000877       0x2c d:/software/stm32cubeide/stm32cubeide_1.5.1/stm32cubeide/plugins/com.st.stm32cube.ide.mcu.externaltools.gnu-tools-for-stm32.7-2018-q2-update.win32_1.5.0.202011040924/tools/bin/../lib/gcc/arm-none-eabi/7.3.1/thumb/v6-m\libgcc.a(divdf3.o)
 .ARM.attributes
                0x00000000000008a3       0x2c d:/software/stm32cubeide/stm32cubeide_1.5.1/stm32cubeide/plugins/com.st.stm32cube.ide.mcu.externaltools.gnu-tools-for-stm32.7-2018-q2-update.win32_1.5.0.202011040924/tools/bin/../lib/gcc/arm-none-eabi/7.3.1/thumb/v6-m\libgcc.a(muldf3.o)
 .ARM.attributes
                0x00000000000008cf       0x2c d:/software/stm32cubeide/stm32cubeide_1.5.1/stm32cubeide/plugins/com.st.stm32cube.ide.mcu.externaltools.gnu-tools-for-stm32.7-2018-q2-update.win32_1.5.0.202011040924/tools/bin/../lib/gcc/arm-none-eabi/7.3.1/thumb/v6-m\libgcc.a(subdf3.o)
 .ARM.attributes
                0x00000000000008fb       0x2c d:/software/stm32cubeide/stm32cubeide_1.5.1/stm32cubeide/plugins/com.st.stm32cube.ide.mcu.externaltools.gnu-tools-for-stm32.7-2018-q2-update.win32_1.5.0.202011040924/tools/bin/../lib/gcc/arm-none-eabi/7.3.1/thumb/v6-m\libgcc.a(fixdfsi.o)
 .ARM.attributes
                0x0000000000000927       0x2c d:/software/stm32cubeide/stm32cubeide_1.5.1/stm32cubeide/plugins/com.st.stm32cube.ide.mcu.externaltools.gnu-tools-for-stm32.7-2018-q2-update.win32_1.5.0.202011040924/tools/bin/../lib/gcc/arm-none-eabi/7.3.1/thumb/v6-m\libgcc.a(floatsidf.o)
 .ARM.attributes
                0x0000000000000953       0x1e d:/software/stm32cubeide/stm32cubeide_1.5.1/stm32cubeide/plugins/com.st.stm32cube.ide.mcu.externaltools.gnu-tools-for-stm32.7-2018-q2-update.win32_1.5.0.202011040924/tools/bin/../lib/gcc/arm-none-eabi/7.3.1/thumb/v6-m\libgcc.a(_arm_cmpdf2.o)
 .ARM.attributes
                0x0000000000000971       0x1e d:/software/stm32cubeide/stm32cubeide_1.5.1/stm32cubeide/plugins/com.st.stm32cube.ide.mcu.externaltools.gnu-tools-for-stm32.7-2018-q2-update.win32_1.5.0.202011040924/tools/bin/../lib/gcc/arm-none-eabi/7.3.1/thumb/v6-m\libgcc.a(_arm_cmpsf2.o)
 .ARM.attributes
                0x000000000000098f       0x1e d:/software/stm32cubeide/stm32cubeide_1.5.1/stm32cubeide/plugins/com.st.stm32cube.ide.mcu.externaltools.gnu-tools-for-stm32.7-2018-q2-update.win32_1.5.0.202011040924/tools/bin/../lib/gcc/arm-none-eabi/7.3.1/thumb/v6-m\libgcc.a(_clzsi2.o)
 .ARM.attributes
                0x00000000000009ad       0x2c d:/software/stm32cubeide/stm32cubeide_1.5.1/stm32cubeide/plugins/com.st.stm32cube.ide.mcu.externaltools.gnu-tools-for-stm32.7-2018-q2-update.win32_1.5.0.202011040924/tools/bin/../lib/gcc/arm-none-eabi/7.3.1/thumb/v6-m\libgcc.a(eqsf2.o)
 .ARM.attributes
                0x00000000000009d9       0x2c d:/software/stm32cubeide/stm32cubeide_1.5.1/stm32cubeide/plugins/com.st.stm32cube.ide.mcu.externaltools.gnu-tools-for-stm32.7-2018-q2-update.win32_1.5.0.202011040924/tools/bin/../lib/gcc/arm-none-eabi/7.3.1/thumb/v6-m\libgcc.a(gesf2.o)
 .ARM.attributes
                0x0000000000000a05       0x2c d:/software/stm32cubeide/stm32cubeide_1.5.1/stm32cubeide/plugins/com.st.stm32cube.ide.mcu.externaltools.gnu-tools-for-stm32.7-2018-q2-update.win32_1.5.0.202011040924/tools/bin/../lib/gcc/arm-none-eabi/7.3.1/thumb/v6-m\libgcc.a(lesf2.o)
 .ARM.attributes
                0x0000000000000a31       0x2c d:/software/stm32cubeide/stm32cubeide_1.5.1/stm32cubeide/plugins/com.st.stm32cube.ide.mcu.externaltools.gnu-tools-for-stm32.7-2018-q2-update.win32_1.5.0.202011040924/tools/bin/../lib/gcc/arm-none-eabi/7.3.1/thumb/v6-m\libgcc.a(eqdf2.o)
 .ARM.attributes
                0x0000000000000a5d       0x2c d:/software/stm32cubeide/stm32cubeide_1.5.1/stm32cubeide/plugins/com.st.stm32cube.ide.mcu.externaltools.gnu-tools-for-stm32.7-2018-q2-update.win32_1.5.0.202011040924/tools/bin/../lib/gcc/arm-none-eabi/7.3.1/thumb/v6-m\libgcc.a(gedf2.o)
 .ARM.attributes
                0x0000000000000a89       0x2c d:/software/stm32cubeide/stm32cubeide_1.5.1/stm32cubeide/plugins/com.st.stm32cube.ide.mcu.externaltools.gnu-tools-for-stm32.7-2018-q2-update.win32_1.5.0.202011040924/tools/bin/../lib/gcc/arm-none-eabi/7.3.1/thumb/v6-m\libgcc.a(ledf2.o)
 .ARM.attributes
                0x0000000000000ab5       0x1e d:/software/stm32cubeide/stm32cubeide_1.5.1/stm32cubeide/plugins/com.st.stm32cube.ide.mcu.externaltools.gnu-tools-for-stm32.7-2018-q2-update.win32_1.5.0.202011040924/tools/bin/../lib/gcc/arm-none-eabi/7.3.1/thumb/v6-m/crtn.o
OUTPUT(TuYaF030K6T6.elf elf32-littlearm)

.debug_info     0x0000000000000000    0x229cd
 .debug_info    0x0000000000000000     0x177b Core/Src/adc.o
 .debug_info    0x000000000000177b     0x119b Core/Src/dma.o
 .debug_info    0x0000000000002916     0x1263 Core/Src/gpio.o
 .debug_info    0x0000000000003b79     0x1351 Core/Src/i2c.o
 .debug_info    0x0000000000004eca     0x10da Core/Src/iwdg.o
 .debug_info    0x0000000000005fa4     0x29ae Core/Src/main.o
 .debug_info    0x0000000000008952     0x1482 Core/Src/rtc.o
 .debug_info    0x0000000000009dd4     0x10c9 Core/Src/stm32f0xx_hal_msp.o
 .debug_info    0x000000000000ae9d     0x1753 Core/Src/stm32f0xx_it.o
 .debug_info    0x000000000000c5f0      0x2a2 Core/Src/system_stm32f0xx.o
 .debug_info    0x000000000000c892     0x15a5 Core/Src/tim.o
 .debug_info    0x000000000000de37     0x16e1 Core/Src/usart.o
 .debug_info    0x000000000000f518       0x22 Core/Startup/startup_stm32f030k6tx.o
 .debug_info    0x000000000000f53a     0x1210 Core/User_Lib/Src/Hard.o
 .debug_info    0x000000000001074a     0x1aeb Core/User_Lib/Src/mcu_api.o
 .debug_info    0x0000000000012235     0x1426 Core/User_Lib/Src/oled.o
 .debug_info    0x000000000001365b     0x1ae7 Core/User_Lib/Src/protocol.o
 .debug_info    0x0000000000015142     0x17a2 Core/User_Lib/Src/system.o
 .debug_info    0x00000000000168e4      0x71a Drivers/STM32F0xx_HAL_Driver/Src/stm32f0xx_hal.o
 .debug_info    0x0000000000016ffe      0xec5 Drivers/STM32F0xx_HAL_Driver/Src/stm32f0xx_hal_adc.o
 .debug_info    0x0000000000017ec3      0x834 Drivers/STM32F0xx_HAL_Driver/Src/stm32f0xx_hal_cortex.o
 .debug_info    0x00000000000186f7      0x860 Drivers/STM32F0xx_HAL_Driver/Src/stm32f0xx_hal_dma.o
 .debug_info    0x0000000000018f57      0x677 Drivers/STM32F0xx_HAL_Driver/Src/stm32f0xx_hal_gpio.o
 .debug_info    0x00000000000195ce     0x38e8 Drivers/STM32F0xx_HAL_Driver/Src/stm32f0xx_hal_i2c.o
 .debug_info    0x000000000001ceb6      0x866 Drivers/STM32F0xx_HAL_Driver/Src/stm32f0xx_hal_i2c_ex.o
 .debug_info    0x000000000001d71c      0x2c1 Drivers/STM32F0xx_HAL_Driver/Src/stm32f0xx_hal_iwdg.o
 .debug_info    0x000000000001d9dd      0xa1a Drivers/STM32F0xx_HAL_Driver/Src/stm32f0xx_hal_rcc.o
 .debug_info    0x000000000001e3f7      0xe04 Drivers/STM32F0xx_HAL_Driver/Src/stm32f0xx_hal_rtc.o
 .debug_info    0x000000000001f1fb     0x1c32 Drivers/STM32F0xx_HAL_Driver/Src/stm32f0xx_hal_uart.o
 .debug_info    0x0000000000020e2d     0x1161 Drivers/STM32F0xx_HAL_Driver/Src/stm32f0xx_ll_tim.o
 .debug_info    0x0000000000021f8e      0xa3f Drivers/STM32F0xx_HAL_Driver/Src/stm32f0xx_ll_utils.o

.debug_abbrev   0x0000000000000000     0x4a68
 .debug_abbrev  0x0000000000000000      0x267 Core/Src/adc.o
 .debug_abbrev  0x0000000000000267      0x20b Core/Src/dma.o
 .debug_abbrev  0x0000000000000472      0x226 Core/Src/gpio.o
 .debug_abbrev  0x0000000000000698      0x24d Core/Src/i2c.o
 .debug_abbrev  0x00000000000008e5      0x1f5 Core/Src/iwdg.o
 .debug_abbrev  0x0000000000000ada      0x36c Core/Src/main.o
 .debug_abbrev  0x0000000000000e46      0x237 Core/Src/rtc.o
 .debug_abbrev  0x000000000000107d      0x1d4 Core/Src/stm32f0xx_hal_msp.o
 .debug_abbrev  0x0000000000001251      0x21f Core/Src/stm32f0xx_it.o
 .debug_abbrev  0x0000000000001470      0x12b Core/Src/system_stm32f0xx.o
 .debug_abbrev  0x000000000000159b      0x275 Core/Src/tim.o
 .debug_abbrev  0x0000000000001810      0x256 Core/Src/usart.o
 .debug_abbrev  0x0000000000001a66       0x12 Core/Startup/startup_stm32f030k6tx.o
 .debug_abbrev  0x0000000000001a78      0x27e Core/User_Lib/Src/Hard.o
 .debug_abbrev  0x0000000000001cf6      0x35b Core/User_Lib/Src/mcu_api.o
 .debug_abbrev  0x0000000000002051      0x2e6 Core/User_Lib/Src/oled.o
 .debug_abbrev  0x0000000000002337      0x36c Core/User_Lib/Src/protocol.o
 .debug_abbrev  0x00000000000026a3      0x400 Core/User_Lib/Src/system.o
 .debug_abbrev  0x0000000000002aa3      0x26b Drivers/STM32F0xx_HAL_Driver/Src/stm32f0xx_hal.o
 .debug_abbrev  0x0000000000002d0e      0x2b7 Drivers/STM32F0xx_HAL_Driver/Src/stm32f0xx_hal_adc.o
 .debug_abbrev  0x0000000000002fc5      0x272 Drivers/STM32F0xx_HAL_Driver/Src/stm32f0xx_hal_cortex.o
 .debug_abbrev  0x0000000000003237      0x20c Drivers/STM32F0xx_HAL_Driver/Src/stm32f0xx_hal_dma.o
 .debug_abbrev  0x0000000000003443      0x1dc Drivers/STM32F0xx_HAL_Driver/Src/stm32f0xx_hal_gpio.o
 .debug_abbrev  0x000000000000361f      0x346 Drivers/STM32F0xx_HAL_Driver/Src/stm32f0xx_hal_i2c.o
 .debug_abbrev  0x0000000000003965      0x1d5 Drivers/STM32F0xx_HAL_Driver/Src/stm32f0xx_hal_i2c_ex.o
 .debug_abbrev  0x0000000000003b3a      0x149 Drivers/STM32F0xx_HAL_Driver/Src/stm32f0xx_hal_iwdg.o
 .debug_abbrev  0x0000000000003c83      0x291 Drivers/STM32F0xx_HAL_Driver/Src/stm32f0xx_hal_rcc.o
 .debug_abbrev  0x0000000000003f14      0x225 Drivers/STM32F0xx_HAL_Driver/Src/stm32f0xx_hal_rtc.o
 .debug_abbrev  0x0000000000004139      0x334 Drivers/STM32F0xx_HAL_Driver/Src/stm32f0xx_hal_uart.o
 .debug_abbrev  0x000000000000446d      0x291 Drivers/STM32F0xx_HAL_Driver/Src/stm32f0xx_ll_tim.o
 .debug_abbrev  0x00000000000046fe      0x36a Drivers/STM32F0xx_HAL_Driver/Src/stm32f0xx_ll_utils.o

.debug_loc      0x0000000000000000     0xadc1
 .debug_loc     0x0000000000000000       0x79 Core/Src/adc.o
 .debug_loc     0x0000000000000079       0x7f Core/Src/i2c.o
 .debug_loc     0x00000000000000f8      0x199 Core/Src/main.o
 .debug_loc     0x0000000000000291       0x18 Core/Src/stm32f0xx_it.o
 .debug_loc     0x00000000000002a9      0x179 Core/Src/system_stm32f0xx.o
 .debug_loc     0x0000000000000422       0x6a Core/Src/tim.o
 .debug_loc     0x000000000000048c       0x71 Core/Src/usart.o
 .debug_loc     0x00000000000004fd      0x229 Core/User_Lib/Src/Hard.o
 .debug_loc     0x0000000000000726      0xa2e Core/User_Lib/Src/mcu_api.o
 .debug_loc     0x0000000000001154      0x5bf Core/User_Lib/Src/oled.o
 .debug_loc     0x0000000000001713      0x3f5 Core/User_Lib/Src/protocol.o
 .debug_loc     0x0000000000001b08      0x612 Core/User_Lib/Src/system.o
 .debug_loc     0x000000000000211a       0xef Drivers/STM32F0xx_HAL_Driver/Src/stm32f0xx_hal.o
 .debug_loc     0x0000000000002209      0xace Drivers/STM32F0xx_HAL_Driver/Src/stm32f0xx_hal_adc.o
 .debug_loc     0x0000000000002cd7      0x394 Drivers/STM32F0xx_HAL_Driver/Src/stm32f0xx_hal_cortex.o
 .debug_loc     0x000000000000306b      0x813 Drivers/STM32F0xx_HAL_Driver/Src/stm32f0xx_hal_dma.o
 .debug_loc     0x000000000000387e      0x2f1 Drivers/STM32F0xx_HAL_Driver/Src/stm32f0xx_hal_gpio.o
 .debug_loc     0x0000000000003b6f     0x3941 Drivers/STM32F0xx_HAL_Driver/Src/stm32f0xx_hal_i2c.o
 .debug_loc     0x00000000000074b0      0x12e Drivers/STM32F0xx_HAL_Driver/Src/stm32f0xx_hal_i2c_ex.o
 .debug_loc     0x00000000000075de       0x76 Drivers/STM32F0xx_HAL_Driver/Src/stm32f0xx_hal_iwdg.o
 .debug_loc     0x0000000000007654      0x48b Drivers/STM32F0xx_HAL_Driver/Src/stm32f0xx_hal_rcc.o
 .debug_loc     0x0000000000007adf      0xa93 Drivers/STM32F0xx_HAL_Driver/Src/stm32f0xx_hal_rtc.o
 .debug_loc     0x0000000000008572     0x15b6 Drivers/STM32F0xx_HAL_Driver/Src/stm32f0xx_hal_uart.o
 .debug_loc     0x0000000000009b28      0xdaf Drivers/STM32F0xx_HAL_Driver/Src/stm32f0xx_ll_tim.o
 .debug_loc     0x000000000000a8d7      0x4ea Drivers/STM32F0xx_HAL_Driver/Src/stm32f0xx_ll_utils.o

.debug_aranges  0x0000000000000000      0xdd8
 .debug_aranges
                0x0000000000000000       0x30 Core/Src/adc.o
 .debug_aranges
                0x0000000000000030       0x20 Core/Src/dma.o
 .debug_aranges
                0x0000000000000050       0x20 Core/Src/gpio.o
 .debug_aranges
                0x0000000000000070       0x30 Core/Src/i2c.o
 .debug_aranges
                0x00000000000000a0       0x20 Core/Src/iwdg.o
 .debug_aranges
                0x00000000000000c0       0x40 Core/Src/main.o
 .debug_aranges
                0x0000000000000100       0x30 Core/Src/rtc.o
 .debug_aranges
                0x0000000000000130       0x20 Core/Src/stm32f0xx_hal_msp.o
 .debug_aranges
                0x0000000000000150       0x60 Core/Src/stm32f0xx_it.o
 .debug_aranges
                0x00000000000001b0       0x28 Core/Src/system_stm32f0xx.o
 .debug_aranges
                0x00000000000001d8       0x20 Core/Src/tim.o
 .debug_aranges
                0x00000000000001f8       0x30 Core/Src/usart.o
 .debug_aranges
                0x0000000000000228       0x28 Core/Startup/startup_stm32f030k6tx.o
 .debug_aranges
                0x0000000000000250       0x38 Core/User_Lib/Src/Hard.o
 .debug_aranges
                0x0000000000000288       0xf8 Core/User_Lib/Src/mcu_api.o
 .debug_aranges
                0x0000000000000380       0x60 Core/User_Lib/Src/oled.o
 .debug_aranges
                0x00000000000003e0       0x48 Core/User_Lib/Src/protocol.o
 .debug_aranges
                0x0000000000000428       0x50 Core/User_Lib/Src/system.o
 .debug_aranges
                0x0000000000000478       0xc8 Drivers/STM32F0xx_HAL_Driver/Src/stm32f0xx_hal.o
 .debug_aranges
                0x0000000000000540       0xd0 Drivers/STM32F0xx_HAL_Driver/Src/stm32f0xx_hal_adc.o
 .debug_aranges
                0x0000000000000610       0x78 Drivers/STM32F0xx_HAL_Driver/Src/stm32f0xx_hal_cortex.o
 .debug_aranges
                0x0000000000000688       0x78 Drivers/STM32F0xx_HAL_Driver/Src/stm32f0xx_hal_dma.o
 .debug_aranges
                0x0000000000000700       0x58 Drivers/STM32F0xx_HAL_Driver/Src/stm32f0xx_hal_gpio.o
 .debug_aranges
                0x0000000000000758      0x240 Drivers/STM32F0xx_HAL_Driver/Src/stm32f0xx_hal_i2c.o
 .debug_aranges
                0x0000000000000998       0x38 Drivers/STM32F0xx_HAL_Driver/Src/stm32f0xx_hal_i2c_ex.o
 .debug_aranges
                0x00000000000009d0       0x28 Drivers/STM32F0xx_HAL_Driver/Src/stm32f0xx_hal_iwdg.o
 .debug_aranges
                0x00000000000009f8       0x80 Drivers/STM32F0xx_HAL_Driver/Src/stm32f0xx_hal_rcc.o
 .debug_aranges
                0x0000000000000a78       0xd0 Drivers/STM32F0xx_HAL_Driver/Src/stm32f0xx_hal_rtc.o
 .debug_aranges
                0x0000000000000b48      0x1c0 Drivers/STM32F0xx_HAL_Driver/Src/stm32f0xx_hal_uart.o
 .debug_aranges
                0x0000000000000d08       0x80 Drivers/STM32F0xx_HAL_Driver/Src/stm32f0xx_ll_tim.o
 .debug_aranges
                0x0000000000000d88       0x50 Drivers/STM32F0xx_HAL_Driver/Src/stm32f0xx_ll_utils.o

.debug_ranges   0x0000000000000000     0x1090
 .debug_ranges  0x0000000000000000       0x20 Core/Src/adc.o
 .debug_ranges  0x0000000000000020       0x10 Core/Src/dma.o
 .debug_ranges  0x0000000000000030       0x10 Core/Src/gpio.o
 .debug_ranges  0x0000000000000040       0x20 Core/Src/i2c.o
 .debug_ranges  0x0000000000000060       0x10 Core/Src/iwdg.o
 .debug_ranges  0x0000000000000070       0x30 Core/Src/main.o
 .debug_ranges  0x00000000000000a0       0x20 Core/Src/rtc.o
 .debug_ranges  0x00000000000000c0       0x10 Core/Src/stm32f0xx_hal_msp.o
 .debug_ranges  0x00000000000000d0       0x50 Core/Src/stm32f0xx_it.o
 .debug_ranges  0x0000000000000120       0x18 Core/Src/system_stm32f0xx.o
 .debug_ranges  0x0000000000000138       0x10 Core/Src/tim.o
 .debug_ranges  0x0000000000000148       0x20 Core/Src/usart.o
 .debug_ranges  0x0000000000000168       0x20 Core/Startup/startup_stm32f030k6tx.o
 .debug_ranges  0x0000000000000188       0x28 Core/User_Lib/Src/Hard.o
 .debug_ranges  0x00000000000001b0       0xe8 Core/User_Lib/Src/mcu_api.o
 .debug_ranges  0x0000000000000298       0x68 Core/User_Lib/Src/oled.o
 .debug_ranges  0x0000000000000300       0x60 Core/User_Lib/Src/protocol.o
 .debug_ranges  0x0000000000000360       0x88 Core/User_Lib/Src/system.o
 .debug_ranges  0x00000000000003e8       0xb8 Drivers/STM32F0xx_HAL_Driver/Src/stm32f0xx_hal.o
 .debug_ranges  0x00000000000004a0       0xc0 Drivers/STM32F0xx_HAL_Driver/Src/stm32f0xx_hal_adc.o
 .debug_ranges  0x0000000000000560       0xb8 Drivers/STM32F0xx_HAL_Driver/Src/stm32f0xx_hal_cortex.o
 .debug_ranges  0x0000000000000618       0xf8 Drivers/STM32F0xx_HAL_Driver/Src/stm32f0xx_hal_dma.o
 .debug_ranges  0x0000000000000710       0x70 Drivers/STM32F0xx_HAL_Driver/Src/stm32f0xx_hal_gpio.o
 .debug_ranges  0x0000000000000780      0x278 Drivers/STM32F0xx_HAL_Driver/Src/stm32f0xx_hal_i2c.o
 .debug_ranges  0x00000000000009f8       0x68 Drivers/STM32F0xx_HAL_Driver/Src/stm32f0xx_hal_i2c_ex.o
 .debug_ranges  0x0000000000000a60       0x18 Drivers/STM32F0xx_HAL_Driver/Src/stm32f0xx_hal_iwdg.o
 .debug_ranges  0x0000000000000a78       0xa0 Drivers/STM32F0xx_HAL_Driver/Src/stm32f0xx_hal_rcc.o
 .debug_ranges  0x0000000000000b18       0xc0 Drivers/STM32F0xx_HAL_Driver/Src/stm32f0xx_hal_rtc.o
 .debug_ranges  0x0000000000000bd8      0x1c8 Drivers/STM32F0xx_HAL_Driver/Src/stm32f0xx_hal_uart.o
 .debug_ranges  0x0000000000000da0      0x120 Drivers/STM32F0xx_HAL_Driver/Src/stm32f0xx_ll_tim.o
 .debug_ranges  0x0000000000000ec0      0x1d0 Drivers/STM32F0xx_HAL_Driver/Src/stm32f0xx_ll_utils.o

.debug_macro    0x0000000000000000    0x17745
 .debug_macro   0x0000000000000000      0x456 Core/Src/adc.o
 .debug_macro   0x0000000000000456      0xa4e Core/Src/adc.o
 .debug_macro   0x0000000000000ea4      0x13f Core/Src/adc.o
 .debug_macro   0x0000000000000fe3       0x2e Core/Src/adc.o
 .debug_macro   0x0000000000001011       0x22 Core/Src/adc.o
 .debug_macro   0x0000000000001033       0x22 Core/Src/adc.o
 .debug_macro   0x0000000000001055       0x8e Core/Src/adc.o
 .debug_macro   0x00000000000010e3       0x51 Core/Src/adc.o
 .debug_macro   0x0000000000001134       0xef Core/Src/adc.o
 .debug_macro   0x0000000000001223       0x6a Core/Src/adc.o
 .debug_macro   0x000000000000128d      0x1df Core/Src/adc.o
 .debug_macro   0x000000000000146c       0x1c Core/Src/adc.o
 .debug_macro   0x0000000000001488       0x22 Core/Src/adc.o
 .debug_macro   0x00000000000014aa       0xb5 Core/Src/adc.o
 .debug_macro   0x000000000000155f      0x391 Core/Src/adc.o
 .debug_macro   0x00000000000018f0     0x6e60 Core/Src/adc.o
 .debug_macro   0x0000000000008750       0x3c Core/Src/adc.o
 .debug_macro   0x000000000000878c     0x3461 Core/Src/adc.o
 .debug_macro   0x000000000000bbed      0x174 Core/Src/adc.o
 .debug_macro   0x000000000000bd61       0x55 Core/Src/adc.o
 .debug_macro   0x000000000000bdb6      0x924 Core/Src/adc.o
 .debug_macro   0x000000000000c6da       0xe5 Core/Src/adc.o
 .debug_macro   0x000000000000c7bf      0x12f Core/Src/adc.o
 .debug_macro   0x000000000000c8ee       0xb3 Core/Src/adc.o
 .debug_macro   0x000000000000c9a1      0x1a0 Core/Src/adc.o
 .debug_macro   0x000000000000cb41      0x1ed Core/Src/adc.o
 .debug_macro   0x000000000000cd2e       0x34 Core/Src/adc.o
 .debug_macro   0x000000000000cd62       0x43 Core/Src/adc.o
 .debug_macro   0x000000000000cda5       0x28 Core/Src/adc.o
 .debug_macro   0x000000000000cdcd      0x33d Core/Src/adc.o
 .debug_macro   0x000000000000d10a       0xbc Core/Src/adc.o
 .debug_macro   0x000000000000d1c6       0xb0 Core/Src/adc.o
 .debug_macro   0x000000000000d276      0x15a Core/Src/adc.o
 .debug_macro   0x000000000000d3d0      0x22c Core/Src/adc.o
 .debug_macro   0x000000000000d5fc       0x60 Core/Src/adc.o
 .debug_macro   0x000000000000d65c       0xa5 Core/Src/adc.o
 .debug_macro   0x000000000000d701       0x85 Core/Src/adc.o
 .debug_macro   0x000000000000d786       0x4c Core/Src/adc.o
 .debug_macro   0x000000000000d7d2       0x2b Core/Src/adc.o
 .debug_macro   0x000000000000d7fd      0x2e2 Core/Src/adc.o
 .debug_macro   0x000000000000dadf      0x2ac Core/Src/adc.o
 .debug_macro   0x000000000000dd8b       0xdd Core/Src/adc.o
 .debug_macro   0x000000000000de68      0x55f Core/Src/adc.o
 .debug_macro   0x000000000000e3c7       0x3e Core/Src/adc.o
 .debug_macro   0x000000000000e405       0xf1 Core/Src/adc.o
 .debug_macro   0x000000000000e4f6      0x40c Core/Src/adc.o
 .debug_macro   0x000000000000e902       0xab Core/Src/adc.o
 .debug_macro   0x000000000000e9ad      0x17d Core/Src/adc.o
 .debug_macro   0x000000000000eb2a       0xd0 Core/Src/adc.o
 .debug_macro   0x000000000000ebfa       0x16 Core/Src/adc.o
 .debug_macro   0x000000000000ec10       0x2a Core/Src/adc.o
 .debug_macro   0x000000000000ec3a       0x68 Core/Src/adc.o
 .debug_macro   0x000000000000eca2      0x215 Core/Src/adc.o
 .debug_macro   0x000000000000eeb7      0x5bd Core/Src/adc.o
 .debug_macro   0x000000000000f474      0x11f Core/Src/adc.o
 .debug_macro   0x000000000000f593       0x18 Core/Src/adc.o
 .debug_macro   0x000000000000f5ab       0x46 Core/Src/adc.o
 .debug_macro   0x000000000000f5f1       0x3c Core/Src/adc.o
 .debug_macro   0x000000000000f62d       0x34 Core/Src/adc.o
 .debug_macro   0x000000000000f661       0x16 Core/Src/adc.o
 .debug_macro   0x000000000000f677       0x35 Core/Src/adc.o
 .debug_macro   0x000000000000f6ac       0x52 Core/Src/adc.o
 .debug_macro   0x000000000000f6fe       0x1f Core/Src/adc.o
 .debug_macro   0x000000000000f71d       0x43 Core/Src/adc.o
 .debug_macro   0x000000000000f760       0x20 Core/Src/adc.o
 .debug_macro   0x000000000000f780      0x1a3 Core/Src/adc.o
 .debug_macro   0x000000000000f923      0x32a Core/Src/adc.o
 .debug_macro   0x000000000000fc4d       0x16 Core/Src/adc.o
 .debug_macro   0x000000000000fc63       0x29 Core/Src/adc.o
 .debug_macro   0x000000000000fc8c       0x10 Core/Src/adc.o
 .debug_macro   0x000000000000fc9c       0x1c Core/Src/adc.o
 .debug_macro   0x000000000000fcb8       0x10 Core/Src/adc.o
 .debug_macro   0x000000000000fcc8       0x10 Core/Src/adc.o
 .debug_macro   0x000000000000fcd8       0x1c Core/Src/adc.o
 .debug_macro   0x000000000000fcf4       0x52 Core/Src/adc.o
 .debug_macro   0x000000000000fd46       0x40 Core/Src/adc.o
 .debug_macro   0x000000000000fd86       0x10 Core/Src/adc.o
 .debug_macro   0x000000000000fd96       0x40 Core/Src/adc.o
 .debug_macro   0x000000000000fdd6       0xd7 Core/Src/adc.o
 .debug_macro   0x000000000000fead       0x1c Core/Src/adc.o
 .debug_macro   0x000000000000fec9       0x3d Core/Src/adc.o
 .debug_macro   0x000000000000ff06       0x16 Core/Src/adc.o
 .debug_macro   0x000000000000ff1c      0x145 Core/Src/adc.o
 .debug_macro   0x0000000000010061       0x16 Core/Src/adc.o
 .debug_macro   0x0000000000010077       0x20 Core/Src/adc.o
 .debug_macro   0x0000000000010097       0x72 Core/Src/adc.o
 .debug_macro   0x0000000000010109      0x136 Core/Src/adc.o
 .debug_macro   0x000000000001023f       0x10 Core/Src/adc.o
 .debug_macro   0x000000000001024f       0xf7 Core/Src/adc.o
 .debug_macro   0x0000000000010346       0x28 Core/Src/adc.o
 .debug_macro   0x000000000001036e      0x456 Core/Src/dma.o
 .debug_macro   0x00000000000107c4      0x456 Core/Src/gpio.o
 .debug_macro   0x0000000000010c1a      0x456 Core/Src/i2c.o
 .debug_macro   0x0000000000011070      0x456 Core/Src/iwdg.o
 .debug_macro   0x00000000000114c6      0x4a0 Core/Src/main.o
 .debug_macro   0x0000000000011966      0x456 Core/Src/rtc.o
 .debug_macro   0x0000000000011dbc      0x44c Core/Src/stm32f0xx_hal_msp.o
 .debug_macro   0x0000000000012208      0x456 Core/Src/stm32f0xx_it.o
 .debug_macro   0x000000000001265e      0x1e4 Core/Src/system_stm32f0xx.o
 .debug_macro   0x0000000000012842      0x456 Core/Src/tim.o
 .debug_macro   0x0000000000012c98      0x456 Core/Src/usart.o
 .debug_macro   0x00000000000130ee      0x45d Core/User_Lib/Src/Hard.o
 .debug_macro   0x000000000001354b      0x456 Core/User_Lib/Src/mcu_api.o
 .debug_macro   0x00000000000139a1       0x16 Core/User_Lib/Src/mcu_api.o
 .debug_macro   0x00000000000139b7       0x97 Core/User_Lib/Src/mcu_api.o
 .debug_macro   0x0000000000013a4e       0xfd Core/User_Lib/Src/mcu_api.o
 .debug_macro   0x0000000000013b4b       0x10 Core/User_Lib/Src/mcu_api.o
 .debug_macro   0x0000000000013b5b       0xaf Core/User_Lib/Src/mcu_api.o
 .debug_macro   0x0000000000013c0a       0x4f Core/User_Lib/Src/mcu_api.o
 .debug_macro   0x0000000000013c59      0x461 Core/User_Lib/Src/oled.o
 .debug_macro   0x00000000000140ba      0x10e Core/User_Lib/Src/oled.o
 .debug_macro   0x00000000000141c8       0x8d Core/User_Lib/Src/oled.o
 .debug_macro   0x0000000000014255      0x450 Core/User_Lib/Src/protocol.o
 .debug_macro   0x00000000000146a5      0x456 Core/User_Lib/Src/system.o
 .debug_macro   0x0000000000014afb      0x136 Core/User_Lib/Src/system.o
 .debug_macro   0x0000000000014c31      0x208 Drivers/STM32F0xx_HAL_Driver/Src/stm32f0xx_hal.o
 .debug_macro   0x0000000000014e39      0xa54 Drivers/STM32F0xx_HAL_Driver/Src/stm32f0xx_hal.o
 .debug_macro   0x000000000001588d      0x208 Drivers/STM32F0xx_HAL_Driver/Src/stm32f0xx_hal_adc.o
 .debug_macro   0x0000000000015a95      0x1e4 Drivers/STM32F0xx_HAL_Driver/Src/stm32f0xx_hal_cortex.o
 .debug_macro   0x0000000000015c79      0x1e4 Drivers/STM32F0xx_HAL_Driver/Src/stm32f0xx_hal_dma.o
 .debug_macro   0x0000000000015e5d      0x21c Drivers/STM32F0xx_HAL_Driver/Src/stm32f0xx_hal_gpio.o
 .debug_macro   0x0000000000016079      0x2a9 Drivers/STM32F0xx_HAL_Driver/Src/stm32f0xx_hal_i2c.o
 .debug_macro   0x0000000000016322      0x1e4 Drivers/STM32F0xx_HAL_Driver/Src/stm32f0xx_hal_i2c_ex.o
 .debug_macro   0x0000000000016506      0x1eb Drivers/STM32F0xx_HAL_Driver/Src/stm32f0xx_hal_iwdg.o
 .debug_macro   0x00000000000166f1      0x1f6 Drivers/STM32F0xx_HAL_Driver/Src/stm32f0xx_hal_rcc.o
 .debug_macro   0x00000000000168e7      0x1e4 Drivers/STM32F0xx_HAL_Driver/Src/stm32f0xx_hal_rtc.o
 .debug_macro   0x0000000000016acb      0x201 Drivers/STM32F0xx_HAL_Driver/Src/stm32f0xx_hal_uart.o
 .debug_macro   0x0000000000016ccc      0x26f Drivers/STM32F0xx_HAL_Driver/Src/stm32f0xx_ll_tim.o
 .debug_macro   0x0000000000016f3b      0x5b7 Drivers/STM32F0xx_HAL_Driver/Src/stm32f0xx_ll_tim.o
 .debug_macro   0x00000000000174f2      0x253 Drivers/STM32F0xx_HAL_Driver/Src/stm32f0xx_ll_utils.o

.debug_line     0x0000000000000000    0x18580
 .debug_line    0x0000000000000000      0xd68 Core/Src/adc.o
 .debug_line    0x0000000000000d68      0xcef Core/Src/dma.o
 .debug_line    0x0000000000001a57      0xd05 Core/Src/gpio.o
 .debug_line    0x000000000000275c      0xd45 Core/Src/i2c.o
 .debug_line    0x00000000000034a1      0xcf5 Core/Src/iwdg.o
 .debug_line    0x0000000000004196      0xed2 Core/Src/main.o
 .debug_line    0x0000000000005068      0xd47 Core/Src/rtc.o
 .debug_line    0x0000000000005daf      0xcf4 Core/Src/stm32f0xx_hal_msp.o
 .debug_line    0x0000000000006aa3      0xd95 Core/Src/stm32f0xx_it.o
 .debug_line    0x0000000000007838      0x7c2 Core/Src/system_stm32f0xx.o
 .debug_line    0x0000000000007ffa      0xd14 Core/Src/tim.o
 .debug_line    0x0000000000008d0e      0xd45 Core/Src/usart.o
 .debug_line    0x0000000000009a53       0x89 Core/Startup/startup_stm32f030k6tx.o
 .debug_line    0x0000000000009adc      0xd60 Core/User_Lib/Src/Hard.o
 .debug_line    0x000000000000a83c      0xfc1 Core/User_Lib/Src/mcu_api.o
 .debug_line    0x000000000000b7fd      0xe0d Core/User_Lib/Src/oled.o
 .debug_line    0x000000000000c60a      0xda1 Core/User_Lib/Src/protocol.o
 .debug_line    0x000000000000d3ab      0xdf2 Core/User_Lib/Src/system.o
 .debug_line    0x000000000000e19d      0x96a Drivers/STM32F0xx_HAL_Driver/Src/stm32f0xx_hal.o
 .debug_line    0x000000000000eb07      0xd2f Drivers/STM32F0xx_HAL_Driver/Src/stm32f0xx_hal_adc.o